V11 Q4c oracle for cor:limit (ledger T9)
statement : results/V11/inputs/statement_limit.md
seed      : 20260918
eta grid C: ['1', '3/2', '2', '5/2', '3', '7/2', '5'], K = 2..200

==============================================================================
C0  rerun results/H_B_asymptotic.py   [VERIFIED-LP 浮点 for its section 0;
    VERIFIED-SYMBOLIC / VERIFIED-EXACT for its sections 2, 4, 5, 6]
==============================================================================
  script            : results/H_B_asymptotic.py  (sha256 f6ec7ce9f1dc7d0f...)
  mirror copy identical to repo source          : True
  exit code         : 0   (4.1 s)
  repo files untouched (script + its json sha256): True
  section 0  [VERIFIED-LP 浮点]  49 points (7 eta x 7 K), max |LP - closed form| = 3.331e-16, j* attains min_j V_j: True
  section 2  order 1 = e^(-1/eta)(2eta-1)/(2eta^2): True, independent of m: True
  section 3  max |Richardson - closed form| = 1.288e-12
  section 4  2793 exact rational differences (7 eta x K = 2..400), negative: 0, zeros only at K < floor(eta): True
  section 5  numerator 84 monomials / 0 negative / constant 14; denominator 165 monomials / 0 negative; direct sweep nonpositive 0
  section 6  c_U = c: True
  rerun log kept at : /tmp/v11_limit_hb_s3xc18wv/H_B_asymptotic.rerun.log
  -> PASS

==============================================================================
C1/C2  sympy limits K -> oo   [VERIFIED-SYMBOLIC]
==============================================================================
  symbolic eta:  lim L_K          = 1 - exp(-1/eta)   equals 1 - e^(-1/eta): True
  symbolic eta:  lim V_(K-m)      = 1 - exp(-1/eta)   equals 1 - e^(-1/eta): True  (m symbolic, so the value of floor(eta) is immaterial)
    eta =    1  m = 1   lim L_K ok: True   lim V_(K-m) ok: True   limit = 1 - exp(-1)
    eta =  3/2  m = 1   lim L_K ok: True   lim V_(K-m) ok: True   limit = 1 - exp(-2/3)
    eta =    2  m = 2   lim L_K ok: True   lim V_(K-m) ok: True   limit = 1 - exp(-1/2)
    eta =  5/2  m = 2   lim L_K ok: True   lim V_(K-m) ok: True   limit = 1 - exp(-2/5)
    eta =    3  m = 3   lim L_K ok: True   lim V_(K-m) ok: True   limit = 1 - exp(-1/3)
    eta =  7/2  m = 3   lim L_K ok: True   lim V_(K-m) ok: True   limit = 1 - exp(-2/7)
    eta =    5  m = 5   lim L_K ok: True   lim V_(K-m) ok: True   limit = 1 - exp(-1/5)
  -> PASS  (16 sympy limits)

==============================================================================
C3  sympy series of V_(K-m) in epsilon = 1/K   [VERIFIED-SYMBOLIC]
==============================================================================
  order 0 : 1 - exp(-1/eta)
            equals 1 - e^(-1/eta)                  : True
  order 1 : (eta - 1/2)*exp(-1/eta)/eta**2
            equals e^(-1/eta)(2eta-1)/(2eta^2)     : True
            d/dm == 0 (c not piecewise in floor(eta)): True
  c(eta) > 0 for eta >= 1 (the factor 2eta-1 vanishes only at eta = 1/2 < 1): True  -> approach from above is consistent with the expansion
    eta =    1  m = 1   order0 ok: True   order1 ok: True   c(eta) = 0.1839397206
    eta =  3/2  m = 1   order0 ok: True   order1 ok: True   c(eta) = 0.2281853862
    eta =    2  m = 2   order0 ok: True   order1 ok: True   c(eta) = 0.2274489974
    eta =  5/2  m = 2   order0 ok: True   order1 ok: True   c(eta) = 0.2145024147
    eta =    3  m = 3   order0 ok: True   order1 ok: True   c(eta) = 0.1990364752
    eta =  7/2  m = 3   order0 ok: True   order1 ok: True   c(eta) = 0.1840352554
    eta =    5  m = 5   order0 ok: True   order1 ok: True   c(eta) = 0.1473715356
  -> PASS

==============================================================================
C3b  exact bracketing of R_K = K^2 (rho_K - (1-e^{-1/eta}) - c(eta)/K)
     [VERIFIED-EXHAUSTIVE] finite-range exact check, not an asymptotic proof
==============================================================================
  eta =    1  R_K in K=10:[+0.08070,+0.08070]  K=20:[+0.07861,+0.07861]  K=40:[+0.07761,+0.07761]  K=80:[+0.07712,+0.07712]  ...  K=800:[+0.07669,+0.07669]
  eta =  3/2  R_K in K=10:[-0.00027,-0.00027]  K=20:[-0.00013,-0.00013]  K=40:[-0.00006,-0.00006]  K=80:[-0.00003,-0.00003]  ...  K=800:[-0.00000,-0.00000]
  eta =    2  R_K in K=10:[-0.01886,-0.01886]  K=20:[-0.01808,-0.01808]  K=40:[-0.01772,-0.01772]  K=80:[-0.01755,-0.01755]  ...  K=800:[-0.01739,-0.01739]
  eta =  5/2  R_K in K=10:[-0.08185,-0.08185]  K=20:[-0.07753,-0.07753]  K=40:[-0.07554,-0.07554]  K=80:[-0.07458,-0.07458]  ...  K=800:[-0.07374,-0.07374]
  eta =    3  R_K in K=10:[-0.10947,-0.10947]  K=20:[-0.10365,-0.10365]  K=40:[-0.10096,-0.10096]  K=80:[-0.09967,-0.09967]  ...  K=800:[-0.09854,-0.09854]
  eta =  7/2  R_K in K=10:[-0.15624,-0.15624]  K=20:[-0.14733,-0.14733]  K=40:[-0.14325,-0.14325]  K=80:[-0.14129,-0.14129]  ...  K=800:[-0.13957,-0.13957]
  eta =    5  R_K in K=10:[-0.23422,-0.23422]  K=20:[-0.22010,-0.22010]  K=40:[-0.21366,-0.21366]  K=80:[-0.21057,-0.21057]  ...  K=800:[-0.20787,-0.20787]
  max |R_K| over 56 exact brackets = 0.234216 at eta = 5, K = 10   (bound used: 1)
  -> PASS

==============================================================================
C4  exact rho_(K+1) - rho_K <= 0, K = 2..200   [VERIFIED-EXHAUSTIVE]
==============================================================================
    eta floor  #diff  #zero  #strict<0   #>0   zero K range    max strict diff
      1     1    199      0        199     0              -         -4.595e-06
    3/2     1    199      0        199     0              -         -5.676e-06
      2     2    199      0        199     0              -         -5.654e-06
    5/2     2    199      0        199     0              -         -5.317e-06
      3     3    199      1        198     0           2..2         -4.927e-06
    7/2     3    199      1        198     0           2..2         -4.543e-06
      5     5    199      3        196     0           2..4         -3.614e-06
  total exact differences: 1393   zero: 5   strict negative: 1388   positive (violations): 0
  plateau values rho_K = 1/eta checked at 10 (K, eta) pairs
  worst slack (largest strict difference) = -3.614009e-06 at eta = 5, K = 200
  -> PASS

==============================================================================
C5  exact L_(K+1) - L_K < 0, K = 1..200   [VERIFIED-EXHAUSTIVE]
==============================================================================
  eta =    1   200 differences, strictly negative: 200, non-negative: 0,   max strict diff = -4.595e-06
  eta =  3/2   200 differences, strictly negative: 200, non-negative: 0,   max strict diff = -2.848e-06
  eta =    2   200 differences, strictly negative: 200, non-negative: 0,   max strict diff = -1.891e-06
  eta =  5/2   200 differences, strictly negative: 200, non-negative: 0,   max strict diff = -1.337e-06
  eta =    3   200 differences, strictly negative: 200, non-negative: 0,   max strict diff = -9.922e-07
  eta =  7/2   200 differences, strictly negative: 200, non-negative: 0,   max strict diff = -7.643e-07
  eta =    5   200 differences, strictly negative: 200, non-negative: 0,   max strict diff = -4.078e-07
  total exact differences: 1400   strictly negative: 1400   violations: 0
  worst slack = -4.078304e-07 at eta = 5, K = 200
  L_K is therefore decreasing in K on the checked range (monotone, from above)
  -> PASS

==============================================================================
C6  limit approached from above, exact rational bracketing of e^(-1/eta)
    [VERIFIED-EXHAUSTIVE]
==============================================================================
  eta =    1   min (rho_K - limit) = 9.170247e-04   min (L_K - limit) = 9.170247e-04   (both certified > 0)
  eta =  3/2   min (rho_K - limit) = 1.135250e-03   min (L_K - limit) = 5.685685e-04   (both certified > 0)
  eta =    2   min (rho_K - limit) = 1.131155e-03   min (L_K - limit) = 3.777047e-04   (both certified > 0)
  eta =  5/2   min (rho_K - limit) = 1.065344e-03   min (L_K - limit) = 2.670953e-04   (both certified > 0)
  eta =    3   min (rho_K - limit) = 9.877830e-04   min (L_K - limit) = 1.982380e-04   (both certified > 0)
  eta =  7/2   min (rho_K - limit) = 9.121297e-04   min (L_K - limit) = 1.527290e-04   (both certified > 0)
  eta =    5   min (rho_K - limit) = 7.280246e-04   min (L_K - limit) = 8.151577e-05   (both certified > 0)
  2800 exact comparisons against rational bounds on e^(-1/eta) (60-term alternating Taylor bracket)
  worst slack rho: 7.280246e-04 at eta = 5, K = 201
  worst slack L  : 8.151577e-05 at eta = 5, K = 201
  -> PASS

==============================================================================
C7  closed-form consistency (conditional on thm:exact / ledger T6)
    [VERIFIED-EXHAUSTIVE]
==============================================================================
  j* = max(0, K - floor(eta)) attains min_(0<=j<=K) V_j at 420 (K, eta) points: True
  sandwich L_K <= rho_K <= U_K at 420 points; widest U_K - L_K = 0.800000 at eta = 5, K = 1
  -> PASS

==============================================================================
D  counterexample search on the statement itself
==============================================================================
  D1 dense grid: 323 rational eta (reduced p/q in [1,8], q <= 12) x K = 2..61
     19380 (K, eta) points, 19057 exact differences, 696 equalities (all on the plateau), 18361 strict decreases, 0 violations   (0.6 s)
     worst monotonicity slack = -2.332271e-05 at eta = 95/12, K = 7
     worst from-above slack   = 1.614471e-03 at eta = 8, K = 61
  D2 random grid (seed 20260918): 300 rational eta in [1,30] (denominator <= 40) x K = 2..61
     18000 (K, eta) points, 17700 exact differences, 3891 equalities, 13809 strict decreases, 0 violations   (0.6 s)
     worst monotonicity slack = -6.378052e-08 at eta = 666/23, K = 28
     worst from-above slack   = 3.997729e-04 at eta = 30, K = 61
  D3 eta = 1 (rho_K = L_K)                      60 points,     59 differences,     0 equalities, violations 0  -> PASS
  D3 integer eta (branch breakpoints)          420 points,    413 differences,    21 equalities, violations 0  -> PASS
  D3 eta just below an integer                 420 points,    413 differences,    15 equalities, violations 0  -> PASS
  D3 eta just above an integer                 420 points,    413 differences,    21 equalities, violations 0  -> PASS
  D3 eta >> K (full plateau)                   180 points,    177 differences,   177 equalities, violations 0  -> PASS
  D3 eta = K on the diagonal                    60 points,      0 differences,     0 equalities, violations 0  -> PASS
  D3 large non-integer eta                     120 points,    118 differences,    86 equalities, violations 0  -> PASS
  D3 eta near 1 from above                     180 points,    177 differences,     0 equalities, violations 0  -> PASS
  total: 39240 (K, eta) points, 38527 exact monotonicity differences, 0 violations
  worst monotonicity slack over D1+D2 = -6.378052e-08 (eta = 666/23, K = 28)
  worst from-above slack over D1+D2   = 3.997729e-04 (eta = 30, K = 61)
  -> PASS

==============================================================================
Running example  K = 3, eta = 3/2
==============================================================================
  m = floor(eta) = 1, k_1 = 4, q = 3/4, j* = K - m = 2
  rho_3 = V_2 = 9/16 = 0.5625000000;  L_3 = 386/729 = 0.5294924554;  U_3 = 37/64 = 0.5781250000
  rho_4 = 1447/2662 = 0.5435762585;  rho_4 - rho_3 = -403/21296 = -0.0189237415 < 0
  1 - e^(-2/3) in [0.486582880967, 0.486582880967];  rho_3 - limit >= 0.0759171190 > 0;  c(3/2) in [0.2281853862, 0.2281853862]

==============================================================================
SUMMARY
==============================================================================
  C0       PASS
  C1/C2    PASS
  C3       PASS
  C3b      PASS
  C4       PASS
  C5       PASS
  C6       PASS
  C7       PASS
  D        PASS
  failures: 0
  elapsed 11.6 s
  wrote /home/user/sub-modular-optimization/results/V11/oracle/limit.json
