V11 Q9 oracle: J8 ProbeLottery (K = 2, eta = 3/2)
statement: results/V11/inputs/statement_probelottery.md
target bound: E[f(T)] >= (240001/400000) OPT = 0.600002500 OPT
seeds: {'C2_coverage': 20260901, 'C2_modular': 20260902, 'C2_mixture': 20260903, 'C3_eta1_n4': 20260904, 'C3_eta1_n5': 20260905, 'D2_local': 20260906}

=== C1 / C3: tight K = 2, eta = 3/2 double-residual family (j = 1) ===
  n= 6: E[f(T)]=6149/10240 = 3/5 + 1/2048  OPT=1  queries=30 <= 54  maxsize=5  anchors=[0, 1, 4, 2, 3]  (eta_u,eta_o)=(1,3/2)
  n= 7: E[f(T)]=6149/10240 = 3/5 + 1/2048  OPT=1  queries=39 <= 63  maxsize=5  anchors=[0, 1, 5, 2, 3]  (eta_u,eta_o)=(1,3/2)
  n= 8: E[f(T)]=6149/10240 = 3/5 + 1/2048  OPT=1  queries=48 <= 72  maxsize=5  anchors=[0, 1, 6, 2, 3]  (eta_u,eta_o)=(1,3/2)
  n= 9: E[f(T)]=6149/10240 = 3/5 + 1/2048  OPT=1  queries=57 <= 81  maxsize=5  anchors=[0, 1, 7, 2, 3]  (eta_u,eta_o)=(1,3/2)
  n=10: E[f(T)]=6149/10240 = 3/5 + 1/2048  OPT=1  queries=66 <= 90  maxsize=5  anchors=[0, 1, 8, 2, 3]  (eta_u,eta_o)=(1,3/2)
  n=11: E[f(T)]=6149/10240 = 3/5 + 1/2048  OPT=1  queries=75 <= 99  maxsize=5  anchors=[0, 1, 9, 2, 3]  (eta_u,eta_o)=(1,3/2)
  n=12: E[f(T)]=6149/10240 = 3/5 + 1/2048  OPT=1  queries=84 <= 108  maxsize=5  anchors=[0, 1, 10, 2, 3]  (eta_u,eta_o)=(1,3/2)
  n=20: E[f(T)]=6149/10240 = 3/5 + 1/2048  OPT=1  queries=156 <= 180  maxsize=5  anchors=[0, 1, 18, 2, 3]  (eta_u,eta_o)=(1,3/2)
  full 2^6 lattice legality: ok, actual (eta_u, eta_o) = (1, 3/2), product 3/2
  full 2^8 lattice legality: ok, actual (eta_u, eta_o) = (1, 3/2), product 3/2
[PASS] C1 tight instance n in {6,8,12,20}: E[f(T)] = 3/5 + 1/2048 = 6149/10240 on every n, queries <= 9n, max queried size 5

=== C2 / D1: random legal instances, K = 2, eta = 3/2, n = 8..12 ===
  coverage : 700 instances, worst ratio 17/23 (0.739130)
  modular  : 700 instances, worst ratio 11/14 (0.785714)
  mixture  : 700 instances, worst ratio 39/49 (0.795918)
  total 2100 instances, violations 0, worst ratio 17/23 (0.739130), target 240001/400000 (0.600002)
[PASS] C2 random legal instances (n = 8..12): 2100 instances, 0 violations, worst ratio 17/23 = 0.739130

=== C3: structured cases ===
  eta = 1, n = 4: 250 instances, worst ratio 31/36 (0.861111)
  eta = 1, n = 5: 250 instances, worst ratio 6/7 (0.857143)
  tight instance n = 6..12: 7 values, all equal to 3/5 + 1/2048 = 6149/10240: True
  E4 family V_0 : n=4, actual (eta_u,eta_o)=(1,3/2), product 3/2, worst over 8 tie orders 2051/3072 (0.667643)
  E4 family V_1 : n=4, actual (eta_u,eta_o)=(1,3/2), product 3/2, worst over 8 tie orders 3077/5120 (0.600977)
  E4 family V_2 : n=4, actual (eta_u,eta_o)=(1,3/2), product 3/2, worst over 8 tie orders 3281/5120 (0.640820)
  E4 family U_2 : n=4, actual (eta_u,eta_o)=(5/4,6/5), product 3/2, worst over 8 tie orders 3281/5120 (0.640820)
[PASS] C3 structured cases: 7 cases: eta = 1 at n = 4, 5; tight at n = 6..12; V_0, V_1, V_2 and U_2 of the E4 families
[PASS] C4 algorithm contract: every run: output sets of size 2, mass 1, queries <= 9n, queried size <= 5

=== C5: rerun results/J8/J8_claude_spotcheck.py ===
  | tight n=6: anchors=[0, 1, 4, 2, 3] (O=[4, 5])  E[F]=6149/10240 = 3/5 + 1/2048  ok=True  queries=30<=9n=54  maxsize=5
  | tight n=8: anchors=[0, 1, 6, 2, 3] (O=[6, 7])  E[F]=6149/10240 = 3/5 + 1/2048  ok=True  queries=48<=9n=72  maxsize=5
  | tight n=12: anchors=[0, 1, 10, 2, 3] (O=[10, 11])  E[F]=6149/10240 = 3/5 + 1/2048  ok=True  queries=84<=9n=108  maxsize=5
  | tight n=20: anchors=[0, 1, 18, 2, 3] (O=[18, 19])  E[F]=6149/10240 = 3/5 + 1/2048  ok=True  queries=156<=9n=180  maxsize=5
  | random coverage: 400 instances, violations=0, worst ratio=4/5 (0.8000)
  exit code 0, 0.2 s
[PASS] C5 rerun J8_claude_spotcheck.py: exit code 0, tight value 6149/10240 matches this script
[GAP] G1 LP dual certificates for (3), (8)-(12): the proof file results/J8/probe_lottery.md was not delivered; the inequalities do not exist in the repository, so no dual certificate can be built or checked

=== D2: local search around the tight instance (perturb within the band) ===
  restart 0 (parametric): 100 accepted steps, local worst ratio 6149/10240 (0.60048828)
  restart 1 (parametric): 100 accepted steps, local worst ratio 6149/10240 (0.60048828)
  restart 2 (parametric): 100 accepted steps, local worst ratio 6149/10240 (0.60048828)
  restart 3 (generic grid): 100 accepted steps, local worst ratio 6149/10240 (0.60048828)
  restart 4 (generic grid): 100 accepted steps, local worst ratio 6149/10240 (0.60048828)
  ratio histogram: 307 equal to the tight value, 324 below 0.61, 324 below 0.65, 138 equal to 1, 17 distinct values; five smallest ['6149/10240', '3077/5120', '1541/2560', '773/1280', '389/640']
  505 legal perturbations evaluated (3775 attempts, 3275 rejected as illegal)
  worst ratio 6149/10240 = 0.60048828, target 240001/400000 = 0.60000250, slack 3109/6400000
[PASS] D2 local search (500 evaluated perturbations): worst ratio 6149/10240 = 0.60048828 >= target

=== summary ===
  PASS  C1 tight instance n in {6,8,12,20}
  PASS  C2 random legal instances (n = 8..12)
  PASS  C3 structured cases
  PASS  C4 algorithm contract
  PASS  C5 rerun J8_claude_spotcheck.py
  GAP   G1 LP dual certificates for (3), (8)-(12)
  PASS  D2 local search (500 evaluated perturbations)
  random instances: 2100, violations: 0
  worst ratio overall: 6149/10240 = 0.60048828, target 0.60000250, slack 3109/6400000
  problems: 0
  elapsed 9.0 s; exit code 0
