== S: identities of the delivered script, rational-function formulation ==
PASS S (5) rho = 1 - P + a delta 
PASS S (10a) gamma = nu^m phi(m)/(nu^m - 1) 
PASS S (10b) gamma - 1 = nu^m phi(m+1)/(nu^m - 1) 
PASS S phi(theta+1) = (eta-1)(1 - nu^-theta) 
PASS S (19) g_{K+t} = (eta - eps nu^t) delta 
PASS S (20) h_M = 0 with eps def 
PASS S (20) r_M = gamma delta 
PASS S (21a) g_{K+t+1} = nu (g_{K+t} - delta) 
PASS S (21b) u_{K+t} = g_{K+t+1}/eta 
PASS S (22) p_{j-1} = K delta/(K-1)   [delivered script: False] 
PASS S (22) p_j = (1 + eps) delta 
PASS S (22) p_x = delta inside lin 
PASS S (22) p_K = delta (lin -> tail) 
PASS S (22) p_x = delta inside tail 
PASS S (23) u_{j-1} = delta   [delivered script: False] 
PASS S (23) u_x = delta inside lin 
PASS S splice h at x = j (geo = lin) 
PASS S splice h at x = K (lin = tail) 
PASS S splice r at x = K (lin = tail) 
PASS S (26) K g_{j+s} - r_{j+s} = (s - (K-1) eps) delta 
PASS S g_{j+s} = (eta - eps) delta 
PASS S g_j = eta delta 
PASS S (27) K g_{K+t} - r_{K+t} = (a + t + eps - K eps nu^t) delta 
PASS S (27) at t = m equals (K-1) gamma delta 
PASS S (27) at t = 0 = (a - (K-1) eps) delta 
PASS S row x<j: eta u_{x-1} = q^x/K   [delivered script: False] 
PASS S row x<j: p_x = q^x/k1 
PASS S row x<j: g_x = q^x/K 
PASS S row x=0: C - eta h_0 = 1/K 
PASS S row x=0: H(0,0) = C - r_0 - (eta-1) h_0 = 0 
PASS S row j<x<=K: eta u_{x-1} = eta delta 
PASS S row K<x<M: eta u_{x-1} = g_x 
PASS S (33) p_j - p_{j+1} = eps delta 
PASS S (34) p_j - u_j = eps delta 
PASS S (38) Fbar(K,0) = 1 - r_K = 1 - P + (a + eps) delta 
PASS S Fbar(K,0) - rho_K = eps delta 
PASS S first O at empty: g_0 = 1/K 
PASS S second O at {o}: h_0/(K-1) = 1/K 
PASS S canonical: eta u_0 = q/K 
PASS S q/K < 1/K  <=>  q < 1 

== P: parameter lemma, exact, K = 2..12 x rational eta in (1, K) ==
PASS P m - theta > 0 min = 1/5 (2.000e-01) at K=5 eta=6/5
PASS P eta - 1 - eps > 0 min = 1/256 (3.906e-03) at K=2 eta=17/16
PASS P eps > 0 min = 4/65303470075 (6.125e-11) at K=12 eta=6/5
PASS P 1/(K-1) - eps > 0 min = (exact rational, 566 chars) (9.080e-02) at K=12 eta=181/16
PASS P gamma >= 0 min = 13/1152 (1.128e-02) at K=2 eta=13/8
PASS P 1 - gamma > 0 min = 1/302330875 (3.308e-09) at K=10 eta=6/5
PASS P K/(K-1) - (1+eps) > 0 min = (exact rational, 566 chars) (9.080e-02) at K=12 eta=181/16
PASS P tail sign a+t+eps-K eps nu^t >= 0 min = 13/1152 (1.128e-02) at K=2 eta=13/8 t=2
PASS P phi(m) > 0 min = 1/104 (9.615e-03) at K=2 eta=13/8
PASS P -phi(m+1) >= 0 min = 1/302330880 (3.308e-09) at K=10 eta=6/5
PASS P e^{K-2+u} - 1 - A u > 0 (exact lower bound) min = (exact rational, 712 chars) (4.453e-01) at K=3 eta=23/8
   grid points: 188; exact-integer-root ties (m convention): none

== C2: sequence legality (14)(15), exact, K = 2..6 x rational eta ==
PASS C2 r_x, h_x >= 0, non-increasing, p_x >= u_x >= 0, K g_x >= r_x for all x <= M; h_M = 0; r_M = gamma delta; r_{M+1} = 0; Fbar(K,0) = rho_K + eps delta; h splice at j 83 (K, eta) points; violations: []
PASS C2 K=3, eta=3/2: m = 3, eps = 1/26, gamma = 6/13, delta = 1/8 
PASS C2 K=3, eta=3/2: Fbar(K,0) = 1 - r_3 = 59/104 = 9/16 + 1/208; rho_3 = 9/16 
   K=3, eta=3/2 sequences: r = ['1', '3/4', '9/16', '45/104', '4/13', '19/104', '3/52', '0']
                           h = ['2/3', '1/2', '3/8', '1/4', '7/52', '1/26', '0', '0']
   (F(T) = rho_3 = 9/16 as printed by the delivered script is the T-dependent value; its lift F_{T,O} is not in the script and is not checked here.)

PASS 54, FAIL 0
ALL PASS
exit 0
