  K=2 eta=1.5 base: 0.600000000 O=(2, 3) (0.1s, 149 rows)
  K=2 eta=1.5 sub: 0.600000000 O=(2, 3) (0.1s, 197 rows)
  K=2 eta=2.0 base: 0.500000000 O=(2, 3) (0.1s, 149 rows)
  K=2 eta=2.0 sub: 0.500000000 O=(2, 3) (0.1s, 197 rows)
  K=2 eta=3.0 base: 0.333333333 O=(2, 3) (0.0s, 149 rows)
  K=2 eta=3.0 sub: 0.333333333 O=(2, 3) (0.0s, 197 rows)
  K=3 eta=1.5 base: 0.562500000 O=(3, 4, 5) (0.5s, 1068 rows)
  K=3 eta=1.5 sub: 0.575757576 O=(3, 4, 5) (0.8s, 1548 rows)
  K=3 eta=2.0 base: 0.466666667 O=(3, 4, 5) (0.7s, 1068 rows)
  K=3 eta=2.0 sub: 0.466666667 O=(3, 4, 5) (0.8s, 1548 rows)
  K=3 eta=3.0 base: 0.333333333 O=(3, 4, 5) (0.6s, 1068 rows)
  K=3 eta=3.0 sub: 0.333333333 O=(3, 4, 5) (0.8s, 1548 rows)
  K=4 eta=1.5 base: 0.543576258 O=(4, 5, 6, 7) (45.8s, 6678 rows)
  K=4 eta=1.5 sub: 0.560975610 O=(4, 5, 6, 7) (194.0s, 10262 rows)
  K=4 eta=2.0 base: 0.448979592 O=(4, 5, 6, 7) (53.0s, 6678 rows)
  K=4 eta=2.0 sub: 0.460000000 O=(4, 5, 6, 7) (152.7s, 10262 rows)
  K=4 eta=3.0 base: 0.325000000 O=(4, 5, 6, 7) (70.7s, 6678 rows)
  K=4 eta=3.0 sub: 0.325000000 O=(4, 5, 6, 7) (156.1s, 10262 rows)

LP sweep done in 677.0s
  fine sweep K=2 done (678s)
  fine sweep K=3 done (701s)
  n-sweep K=2 n=4 eta=1.5: base=0.600000000 sub=0.600000000 (W=0.600000000)
  n-sweep K=2 n=5 eta=1.5: base=0.600000000 sub=0.600000000 (W=0.600000000)
  n-sweep K=2 n=6 eta=1.5: base=0.600000000 sub=0.600000000 (W=0.600000000)
  n-sweep K=2 n=4 eta=2.0: base=0.500000000 sub=0.500000000 (W=0.500000000)
  n-sweep K=2 n=5 eta=2.0: base=0.500000000 sub=0.500000000 (W=0.500000000)
  n-sweep K=2 n=6 eta=2.0: base=0.500000000 sub=0.500000000 (W=0.500000000)
  n-sweep K=2 n=4 eta=3.0: base=0.333333333 sub=0.333333333 (W=0.333333333)
  n-sweep K=2 n=5 eta=3.0: base=0.333333333 sub=0.333333333 (W=0.333333333)
  n-sweep K=2 n=6 eta=3.0: base=0.333333333 sub=0.333333333 (W=0.333333333)
  n-sweep K=3 n=6 eta=1.5: base=0.562500000 sub=0.575757576 (W=0.575757576)
  n-sweep K=3 n=7 eta=1.5: base=0.562500000 sub=0.575757576 (W=0.575757576)
  n-sweep K=3 n=8 eta=1.5: base=0.562500000 sub=0.575757576 (W=0.575757576)
  n-sweep K=3 n=6 eta=2.0: base=0.466666667 sub=0.466666667 (W=0.466666667)
  n-sweep K=3 n=7 eta=2.0: base=0.466666667 sub=0.466666667 (W=0.466666667)
  n-sweep K=3 n=8 eta=2.0: base=0.466666667 sub=0.466666667 (W=0.466666667)
  n-sweep K=3 n=6 eta=3.0: base=0.333333333 sub=0.333333333 (W=0.333333333)
  n-sweep K=3 n=7 eta=3.0: base=0.333333333 sub=0.333333333 (W=0.333333333)
  n-sweep K=3 n=8 eta=3.0: base=0.333333333 sub=0.333333333 (W=0.333333333)

N2 family ftilde-submodularity diagnostics ...
  0/72 of the N2 instances have submodular ftilde

=== F4 table ===
 K   eta      LP base    LP sub-ft    min_j V_j    min_m W_m    sub-base    sub-minV    sub-minW        U_K  <=U_K
 2   1.5  0.600000000  0.600000000  0.600000000  0.600000000    0.00e+00    1.11e-16    1.11e-16   0.640000   True
 2   2.0  0.500000000  0.500000000  0.500000000  0.500000000    1.67e-16   -5.55e-17   -5.55e-17   0.555556   True
 2   3.0  0.333333333  0.333333333  0.333333333  0.333333333    1.11e-16    2.22e-16    1.67e-16   0.437500   True
 3   1.5  0.562500000  0.575757576  0.562500000  0.575757576    1.33e-02    1.33e-02    4.44e-16   0.578125   True
 3   2.0  0.466666667  0.466666667  0.466666667  0.466666667   -2.78e-16   -1.11e-16   -1.67e-16   0.488000   True
 3   3.0  0.333333333  0.333333333  0.333333333  0.333333333    0.00e+00    1.11e-16    5.55e-17   0.370262   True
 4   1.5  0.543576258  0.560975610  0.543576258  0.560975610    1.74e-02    1.74e-02   -4.44e-16   0.551875  False
 4   2.0  0.448979592  0.460000000  0.448979592  0.460000000    1.10e-02    1.10e-02    0.00e+00   0.460225   True
 4   3.0  0.325000000  0.325000000  0.325000000  0.325000000    1.67e-16    2.22e-16    1.67e-16   0.343900   True

files: results/F4_table.csv, results/F4_details.json
