This is pdfTeX, Version 3.141592653-2.6-1.40.25 (TeX Live 2023/Debian) (preloaded format=pdflatex)
 restricted \write18 enabled.
entering extended mode
(./main.tex
LaTeX2e <2023-11-01> patch level 1
L3 programming layer <2024-01-22>
(/usr/share/texlive/texmf-dist/tex/latex/base/article.cls
Document Class: article 2023/05/17 v1.4n Standard LaTeX document class
(/usr/share/texlive/texmf-dist/tex/latex/base/size10.clo))
(./iclr2027_conference.sty
(/usr/share/texlive/texmf-dist/tex/latex/eso-pic/eso-pic.sty
(/usr/share/texlive/texmf-dist/tex/latex/graphics/keyval.sty)
(/usr/share/texlive/texmf-dist/tex/latex/xcolor/xcolor.sty
(/usr/share/texlive/texmf-dist/tex/latex/graphics-cfg/color.cfg)
(/usr/share/texlive/texmf-dist/tex/latex/graphics-def/pdftex.def)
(/usr/share/texlive/texmf-dist/tex/latex/graphics/mathcolor.ltx)))
(./fancyhdr.sty) (./natbib.sty))
(/usr/share/texlive/texmf-dist/tex/latex/psnfss/times.sty) (./math_commands.tex
 (/usr/share/texlive/texmf-dist/tex/latex/amsmath/amsmath.sty
For additional information on amsmath, use the `?' option.
(/usr/share/texlive/texmf-dist/tex/latex/amsmath/amstext.sty
(/usr/share/texlive/texmf-dist/tex/latex/amsmath/amsgen.sty))
(/usr/share/texlive/texmf-dist/tex/latex/amsmath/amsbsy.sty)
(/usr/share/texlive/texmf-dist/tex/latex/amsmath/amsopn.sty))
(/usr/share/texlive/texmf-dist/tex/latex/amsfonts/amsfonts.sty)
(/usr/share/texlive/texmf-dist/tex/latex/tools/bm.sty))
(/usr/share/texlive/texmf-dist/tex/latex/hyperref/hyperref.sty
(/usr/share/texlive/texmf-dist/tex/generic/iftex/iftex.sty)
(/usr/share/texlive/texmf-dist/tex/latex/kvsetkeys/kvsetkeys.sty)
(/usr/share/texlive/texmf-dist/tex/generic/kvdefinekeys/kvdefinekeys.sty)
(/usr/share/texlive/texmf-dist/tex/generic/pdfescape/pdfescape.sty
(/usr/share/texlive/texmf-dist/tex/generic/ltxcmds/ltxcmds.sty)
(/usr/share/texlive/texmf-dist/tex/generic/pdftexcmds/pdftexcmds.sty
(/usr/share/texlive/texmf-dist/tex/generic/infwarerr/infwarerr.sty)))
(/usr/share/texlive/texmf-dist/tex/latex/hycolor/hycolor.sty)
(/usr/share/texlive/texmf-dist/tex/latex/auxhook/auxhook.sty)
(/usr/share/texlive/texmf-dist/tex/latex/hyperref/nameref.sty
(/usr/share/texlive/texmf-dist/tex/latex/refcount/refcount.sty)
(/usr/share/texlive/texmf-dist/tex/generic/gettitlestring/gettitlestring.sty
(/usr/share/texlive/texmf-dist/tex/latex/kvoptions/kvoptions.sty)))
(/usr/share/texlive/texmf-dist/tex/latex/etoolbox/etoolbox.sty)
(/usr/share/texlive/texmf-dist/tex/latex/hyperref/pd1enc.def)
(/usr/share/texlive/texmf-dist/tex/generic/intcalc/intcalc.sty)
(/usr/share/texlive/texmf-dist/tex/latex/hyperref/puenc.def)
(/usr/share/texlive/texmf-dist/tex/latex/url/url.sty)
(/usr/share/texlive/texmf-dist/tex/generic/bitset/bitset.sty
(/usr/share/texlive/texmf-dist/tex/generic/bigintcalc/bigintcalc.sty))
(/usr/share/texlive/texmf-dist/tex/latex/base/atbegshi-ltx.sty))
(/usr/share/texlive/texmf-dist/tex/latex/hyperref/hpdftex.def
(/usr/share/texlive/texmf-dist/tex/latex/base/atveryend-ltx.sty)
(/usr/share/texlive/texmf-dist/tex/latex/rerunfilecheck/rerunfilecheck.sty
(/usr/share/texlive/texmf-dist/tex/generic/uniquecounter/uniquecounter.sty)))
(/usr/share/texlive/texmf-dist/tex/latex/amsfonts/amssymb.sty)
(/usr/share/texlive/texmf-dist/tex/latex/amscls/amsthm.sty)
(/usr/share/texlive/texmf-dist/tex/latex/booktabs/booktabs.sty)
(/usr/share/texlive/texmf-dist/tex/latex/graphics/graphicx.sty
(/usr/share/texlive/texmf-dist/tex/latex/graphics/graphics.sty
(/usr/share/texlive/texmf-dist/tex/latex/graphics/trig.sty)
(/usr/share/texlive/texmf-dist/tex/latex/graphics-cfg/graphics.cfg)))
(./macros.tex) (./sections/numbers.tex)
(/usr/share/texlive/texmf-dist/tex/latex/psnfss/ot1ptm.fd)
(/usr/share/texlive/texmf-dist/tex/latex/l3backend/l3backend-pdftex.def)
(./main.aux) (/usr/share/texlive/texmf-dist/tex/context/base/mkii/supp-pdf.mkii

[Loading MPS to PDF converter (version 2006.09.02).]
) (/usr/share/texlive/texmf-dist/tex/latex/epstopdf-pkg/epstopdf-base.sty
(/usr/share/texlive/texmf-dist/tex/latex/latexconfig/epstopdf-sys.cfg))
(./main.out) (./main.out)
(/usr/share/texlive/texmf-dist/tex/latex/amsfonts/umsa.fd)
(/usr/share/texlive/texmf-dist/tex/latex/amsfonts/umsb.fd)
(./sections/model.tex) (./sections/related.tex [1{/var/lib/texmf/fonts/map/pdft
ex/updmap/pdftex.map}{/usr/share/texlive/texmf-dist/fonts/enc/dvips/base/8r.enc
}]) (./sections/results.tex
Underfull \vbox (badness 5878) has occurred while \output is active [2]

Package hyperref Warning: Token not allowed in a PDF string (Unicode):
(hyperref)                removing `math shift' on input line 66.


Package hyperref Warning: Token not allowed in a PDF string (Unicode):
(hyperref)                removing `math shift' on input line 66.

[3]

Package hyperref Warning: Token not allowed in a PDF string (Unicode):
(hyperref)                removing `math shift' on input line 165.


Package hyperref Warning: Token not allowed in a PDF string (Unicode):
(hyperref)                removing `\eta' on input line 165.


Package hyperref Warning: Token not allowed in a PDF string (Unicode):
(hyperref)                removing `math shift' on input line 165.

) (./sections/experiments.tex [4] [5 <./figures/money_plot.pdf>]
(./sections/EXP_table.tex
(/usr/share/texlive/texmf-dist/tex/latex/psnfss/ot1pcr.fd)))
(./sections/conclusion.tex) (./sections/statements.tex) [6] (./main.bbl
Underfull \hbox (badness 6608) in paragraph at lines 9--15
[]\OT1/ptm/m/n/10 Arpit Agar-wal and Eric Balka-n-ski.  Learning-augmented dy-n
amic sub-mod-u-lar max-

Underfull \hbox (badness 7326) in paragraph at lines 9--15
\OT1/ptm/m/n/10 i-miza-tion.  In \OT1/ptm/m/it/10 Ad-vances in Neu-ral In-for-m
a-tion Pro-cess-ing Sys-tems 37 (NeurIPS

Underfull \hbox (badness 1924) in paragraph at lines 25--31
[]\OT1/ptm/m/n/10 Eric Balka-n-ski, Aviad Ru-bin-stein, and Yaron Singer.  The 
power of op-ti-miza-tion from

Underfull \hbox (badness 1173) in paragraph at lines 25--31
\OT1/ptm/m/n/10 sam-ples.  In \OT1/ptm/m/it/10 Ad-vances in Neu-ral In-for-ma-t
ion Pro-cess-ing Sys-tems 29 (NIPS 2016)\OT1/ptm/m/n/10 , pp.

Underfull \hbox (badness 2293) in paragraph at lines 51--59
[]\OT1/ptm/m/n/10 Vincent Cohen-Addad, Tom-maso d'Orsi, Anu-pam Gupta, Eui-woon
g Lee, and Deb-malya

Underfull \hbox (badness 3758) in paragraph at lines 51--59
\OT1/ptm/m/n/10 Pan-i-grahi.  Learning-augmented ap-prox-i-ma-tion al-go-rithms
 for max-i-mum cut and re-

Underfull \hbox (badness 1910) in paragraph at lines 51--59
\OT1/ptm/m/n/10 lated prob-lems.  In \OT1/ptm/m/it/10 Ad-vances in Neu-ral In-f
or-ma-tion Pro-cess-ing Sys-tems 37 (NeurIPS
[7]
Underfull \hbox (badness 5260) in paragraph at lines 100--106
[]\OT1/ptm/m/n/10 Thibaut Horel and Yaron Singer.  Max-i-miza-tion of ap-prox-i
-mately sub-mod-u-lar func-

Underfull \hbox (badness 2452) in paragraph at lines 100--106
\OT1/ptm/m/n/10 tions.  In \OT1/ptm/m/it/10 Ad-vances in Neu-ral In-for-ma-tion
 Pro-cess-ing Sys-tems 29 (NIPS 2016)\OT1/ptm/m/n/10 , pp.
) (./sections/notation_table.tex
Overfull \hbox (93.26038pt too wide) in paragraph at lines 8--43
 [][] 

LaTeX Warning: `h' float specifier changed to `ht'.

) (./sections/appendix_proofs.tex [8] [9] [10]

Package hyperref Warning: Token not allowed in a PDF string (Unicode):
(hyperref)                removing `math shift' on input line 236.


Package hyperref Warning: Token not allowed in a PDF string (Unicode):
(hyperref)                removing `math shift' on input line 236.

[11] [12]
Underfull \hbox (badness 3049) in paragraph at lines 413--415
[]\OT1/ptm/m/n/10 The iden-ti-ties of this proof are machine-checked by \OT1/pc
r/m/n/10 results/T5[]symbolic.py \OT1/ptm/m/n/10 and
[13] [14] [15] [16] [17] [18] [19] [20] [21] [22])
(./sections/appendix_experiments.tex
Underfull \hbox (badness 10000) in paragraph at lines 1349--9
[]\OT1/ptm/m/n/10 The com-pu-ta-tions of this sub-sec-tion are machine-checked 
by
[23]) [24 <./figures/aux_eta_sel_by_K.pdf> <./figures/aux_p_vs_eta.pdf>]
[25 <./figures/aux_d_dtilde_scatter.pdf>] (./main.aux) )
(see the transcript file for additional information)</usr/share/texlive/texmf-d
ist/fonts/type1/public/amsfonts/cm/cmbx10.pfb></usr/share/texlive/texmf-dist/fo
nts/type1/public/amsfonts/cm/cmex10.pfb></usr/share/texlive/texmf-dist/fonts/ty
pe1/public/amsfonts/cm/cmmi10.pfb></usr/share/texlive/texmf-dist/fonts/type1/pu
blic/amsfonts/cm/cmmi5.pfb></usr/share/texlive/texmf-dist/fonts/type1/public/am
sfonts/cm/cmmi6.pfb></usr/share/texlive/texmf-dist/fonts/type1/public/amsfonts/
cm/cmmi7.pfb></usr/share/texlive/texmf-dist/fonts/type1/public/amsfonts/cm/cmmi
9.pfb></usr/share/texlive/texmf-dist/fonts/type1/public/amsfonts/cm/cmr10.pfb><
/usr/share/texlive/texmf-dist/fonts/type1/public/amsfonts/cm/cmr5.pfb></usr/sha
re/texlive/texmf-dist/fonts/type1/public/amsfonts/cm/cmr6.pfb></usr/share/texli
ve/texmf-dist/fonts/type1/public/amsfonts/cm/cmr7.pfb></usr/share/texlive/texmf
-dist/fonts/type1/public/amsfonts/cm/cmr9.pfb></usr/share/texlive/texmf-dist/fo
nts/type1/public/amsfonts/cm/cmsy10.pfb></usr/share/texlive/texmf-dist/fonts/ty
pe1/public/amsfonts/cm/cmsy5.pfb></usr/share/texlive/texmf-dist/fonts/type1/pub
lic/amsfonts/cm/cmsy6.pfb></usr/share/texlive/texmf-dist/fonts/type1/public/ams
fonts/cm/cmsy7.pfb></usr/share/texlive/texmf-dist/fonts/type1/public/amsfonts/c
m/cmsy9.pfb></usr/share/texlive/texmf-dist/fonts/type1/public/amsfonts/symbols/
msbm10.pfb></usr/share/texlive/texmf-dist/fonts/type1/urw/courier/ucrr8a.pfb></
usr/share/texlive/texmf-dist/fonts/type1/urw/times/utmb8a.pfb></usr/share/texli
ve/texmf-dist/fonts/type1/urw/times/utmr8a.pfb></usr/share/texlive/texmf-dist/f
onts/type1/urw/times/utmri8a.pfb>
Output written on main.pdf (25 pages, 531998 bytes).
Transcript written on main.log.
