This is pdfTeX, Version 3.141592653-2.6-1.40.25 (TeX Live 2023/Debian) (preloaded format=pdflatex)
 restricted \write18 enabled.
entering extended mode
(./main.tex
LaTeX2e <2023-11-01> patch level 1
L3 programming layer <2024-01-22>
(/usr/share/texlive/texmf-dist/tex/latex/base/article.cls
Document Class: article 2023/05/17 v1.4n Standard LaTeX document class
(/usr/share/texlive/texmf-dist/tex/latex/base/size10.clo))
(./iclr2027_conference.sty
(/usr/share/texlive/texmf-dist/tex/latex/eso-pic/eso-pic.sty
(/usr/share/texlive/texmf-dist/tex/latex/graphics/keyval.sty)
(/usr/share/texlive/texmf-dist/tex/latex/xcolor/xcolor.sty
(/usr/share/texlive/texmf-dist/tex/latex/graphics-cfg/color.cfg)
(/usr/share/texlive/texmf-dist/tex/latex/graphics-def/pdftex.def)
(/usr/share/texlive/texmf-dist/tex/latex/graphics/mathcolor.ltx)))
(./fancyhdr.sty) (./natbib.sty))
(/usr/share/texlive/texmf-dist/tex/latex/psnfss/times.sty) (./math_commands.tex
 (/usr/share/texlive/texmf-dist/tex/latex/amsmath/amsmath.sty
For additional information on amsmath, use the `?' option.
(/usr/share/texlive/texmf-dist/tex/latex/amsmath/amstext.sty
(/usr/share/texlive/texmf-dist/tex/latex/amsmath/amsgen.sty))
(/usr/share/texlive/texmf-dist/tex/latex/amsmath/amsbsy.sty)
(/usr/share/texlive/texmf-dist/tex/latex/amsmath/amsopn.sty))
(/usr/share/texlive/texmf-dist/tex/latex/amsfonts/amsfonts.sty)
(/usr/share/texlive/texmf-dist/tex/latex/tools/bm.sty))
(/usr/share/texlive/texmf-dist/tex/latex/hyperref/hyperref.sty
(/usr/share/texlive/texmf-dist/tex/generic/iftex/iftex.sty)
(/usr/share/texlive/texmf-dist/tex/latex/kvsetkeys/kvsetkeys.sty)
(/usr/share/texlive/texmf-dist/tex/generic/kvdefinekeys/kvdefinekeys.sty)
(/usr/share/texlive/texmf-dist/tex/generic/pdfescape/pdfescape.sty
(/usr/share/texlive/texmf-dist/tex/generic/ltxcmds/ltxcmds.sty)
(/usr/share/texlive/texmf-dist/tex/generic/pdftexcmds/pdftexcmds.sty
(/usr/share/texlive/texmf-dist/tex/generic/infwarerr/infwarerr.sty)))
(/usr/share/texlive/texmf-dist/tex/latex/hycolor/hycolor.sty)
(/usr/share/texlive/texmf-dist/tex/latex/auxhook/auxhook.sty)
(/usr/share/texlive/texmf-dist/tex/latex/hyperref/nameref.sty
(/usr/share/texlive/texmf-dist/tex/latex/refcount/refcount.sty)
(/usr/share/texlive/texmf-dist/tex/generic/gettitlestring/gettitlestring.sty
(/usr/share/texlive/texmf-dist/tex/latex/kvoptions/kvoptions.sty)))
(/usr/share/texlive/texmf-dist/tex/latex/etoolbox/etoolbox.sty)
(/usr/share/texlive/texmf-dist/tex/latex/hyperref/pd1enc.def)
(/usr/share/texlive/texmf-dist/tex/generic/intcalc/intcalc.sty)
(/usr/share/texlive/texmf-dist/tex/latex/hyperref/puenc.def)
(/usr/share/texlive/texmf-dist/tex/latex/url/url.sty)
(/usr/share/texlive/texmf-dist/tex/generic/bitset/bitset.sty
(/usr/share/texlive/texmf-dist/tex/generic/bigintcalc/bigintcalc.sty))
(/usr/share/texlive/texmf-dist/tex/latex/base/atbegshi-ltx.sty))
(/usr/share/texlive/texmf-dist/tex/latex/hyperref/hpdftex.def
(/usr/share/texlive/texmf-dist/tex/latex/base/atveryend-ltx.sty)
(/usr/share/texlive/texmf-dist/tex/latex/rerunfilecheck/rerunfilecheck.sty
(/usr/share/texlive/texmf-dist/tex/generic/uniquecounter/uniquecounter.sty)))
(/usr/share/texlive/texmf-dist/tex/latex/amsfonts/amssymb.sty)
(/usr/share/texlive/texmf-dist/tex/latex/amscls/amsthm.sty)
(/usr/share/texlive/texmf-dist/tex/latex/booktabs/booktabs.sty)
(/usr/share/texlive/texmf-dist/tex/latex/graphics/graphicx.sty
(/usr/share/texlive/texmf-dist/tex/latex/graphics/graphics.sty
(/usr/share/texlive/texmf-dist/tex/latex/graphics/trig.sty)
(/usr/share/texlive/texmf-dist/tex/latex/graphics-cfg/graphics.cfg)))
(./macros.tex) (./sections/numbers.tex)
(/usr/share/texlive/texmf-dist/tex/latex/psnfss/ot1ptm.fd)
(/usr/share/texlive/texmf-dist/tex/latex/l3backend/l3backend-pdftex.def)
No file main_hj3.aux.
(/usr/share/texlive/texmf-dist/tex/context/base/mkii/supp-pdf.mkii
[Loading MPS to PDF converter (version 2006.09.02).]
) (/usr/share/texlive/texmf-dist/tex/latex/epstopdf-pkg/epstopdf-base.sty
(/usr/share/texlive/texmf-dist/tex/latex/latexconfig/epstopdf-sys.cfg))
(/usr/share/texlive/texmf-dist/tex/latex/amsfonts/umsa.fd)
(/usr/share/texlive/texmf-dist/tex/latex/amsfonts/umsb.fd)
(./sections/model.tex

LaTeX Warning: Reference `def:eta' on page 1 undefined on input line 29.


Package natbib Warning: Citation `lattanzi2020online' on page 1 undefined on in
put line 33.


Package natbib Warning: Citation `azar2021flow' on page 1 undefined on input li
ne 33.


Package natbib Warning: Citation `zhao2022real' on page 1 undefined on input li
ne 33.


Package natbib Warning: Citation `goundan2007revisiting' on page 1 undefined on
 input line 69.


LaTeX Warning: Reference `def:eta' on page 1 undefined on input line 81.


LaTeX Warning: Reference `tab:notation' on page 1 undefined on input line 92.


LaTeX Warning: Reference `sec:notation' on page 1 undefined on input line 92.

) (./sections/related.tex

Package natbib Warning: Citation `goundan2007revisiting' on page 1 undefined on
 input line 38.


LaTeX Warning: Reference `def:etasel' on page 1 undefined on input line 39.


Package natbib Warning: Citation `nemhauser1978analysis' on page 1 undefined on
 input line 42.


Package natbib Warning: Citation `nemhauser1978best' on page 1 undefined on inp
ut line 43.


Package natbib Warning: Citation `feige1998threshold' on page 1 undefined on in
put line 48.


LaTeX Warning: Reference `prop:guarantee' on page 1 undefined on input line 49.



LaTeX Warning: Reference `sec:model' on page 1 undefined on input line 50.


LaTeX Warning: Reference `thm:exact' on page 1 undefined on input line 51.


LaTeX Warning: Reference `thm:tightness' on page 1 undefined on input line 52.


LaTeX Warning: Reference `thm:hardness' on page 1 undefined on input line 54.

[1{/var/lib/texmf/fonts/map/pdftex/updmap/pdftex.map}{/usr/share/texlive/texmf-
dist/fonts/enc/dvips/base/8r.enc}]

Package natbib Warning: Citation `das2011submodular' on page 2 undefined on inp
ut line 59.


Package natbib Warning: Citation `das2011submodular' on page 2 undefined on inp
ut line 60.


Package natbib Warning: Citation `elenberg2018restricted' on page 2 undefined o
n input line 61.


LaTeX Warning: Reference `sec:experiments' on page 2 undefined on input line 65
.


Package natbib Warning: Citation `hassidim2017submodular' on page 2 undefined o
n input line 71.


Package natbib Warning: Citation `horel2016maximization' on page 2 undefined on
 input line 74.


Package natbib Warning: Citation `bhawalkar2025unified' on page 2 undefined on 
input line 77.


Package natbib Warning: Citation `purohit2018improving' on page 2 undefined on 
input line 89.


Package natbib Warning: Citation `lykouris2021competitive' on page 2 undefined 
on input line 90.


Package natbib Warning: Citation `balcan2018submodular' on page 2 undefined on 
input line 95.


Package natbib Warning: Citation `rosenfeld2018learning' on page 2 undefined on
 input line 97.


Package natbib Warning: Citation `agarwal2024learning' on page 2 undefined on i
nput line 102.


LaTeX Warning: Reference `def:eta' on page 2 undefined on input line 105.


Package natbib Warning: Citation `cohenaddad2024learning' on page 2 undefined o
n input line 107.


Package natbib Warning: Citation `balkanski2016power' on page 2 undefined on in
put line 114.


Package natbib Warning: Citation `balkanski2017limitations' on page 2 undefined
 on input line 117.


LaTeX Warning: Reference `thm:hardness' on page 2 undefined on input line 118.

) (./sections/results.tex [2]

LaTeX Warning: Reference `prop:necessity' on page 3 undefined on input line 32.



Package natbib Warning: Citation `hassidim2017submodular' on page 3 undefined o
n input line 37.


LaTeX Warning: Reference `def:eta' on page 3 undefined on input line 45.


LaTeX Warning: Reference `prop:guarantee' on page 3 undefined on input line 51.



LaTeX Warning: Reference `def:etasel' on page 3 undefined on input line 71.


LaTeX Warning: Reference `prop:guarantee' on page 3 undefined on input line 81.



LaTeX Warning: Reference `sec:model' on page 3 undefined on input line 82.


Package natbib Warning: Citation `goundan2007revisiting' on page 3 undefined on
 input line 83.


LaTeX Warning: Reference `app:guarantee' on page 3 undefined on input line 84.


LaTeX Warning: Reference `prop:guarantee' on page 3 undefined on input line 97.



LaTeX Warning: Reference `sec:experiments' on page 3 undefined on input line 10
3.


Package hyperref Warning: Token not allowed in a PDF string (Unicode):
(hyperref)                removing `math shift' on input line 108.


Package hyperref Warning: Token not allowed in a PDF string (Unicode):
(hyperref)                removing `math shift' on input line 108.


LaTeX Warning: Reference `prop:guarantee' on page 3 undefined on input line 114
.

[3]

LaTeX Warning: Reference `lem:coherence' on page 4 undefined on input line 216.



LaTeX Warning: Reference `app:exact' on page 4 undefined on input line 225.


LaTeX Warning: Reference `prop:rigidity' on page 4 undefined on input line 228.



LaTeX Warning: Reference `rem:rigidity-breakpoints' on page 4 undefined on inpu
t line 233.


LaTeX Warning: Reference `app:exact' on page 4 undefined on input line 243.


LaTeX Warning: Reference `app:validity' on page 4 undefined on input line 262.


LaTeX Warning: Reference `prop:rigidity' on page 4 undefined on input line 290.



LaTeX Warning: Reference `app:exact' on page 4 undefined on input line 291.


LaTeX Warning: Reference `app:exact' on page 4 undefined on input line 299.

[4]

LaTeX Warning: Reference `prop:rigidity' on page 5 undefined on input line 312.



LaTeX Warning: Reference `app:validity' on page 5 undefined on input line 316.


LaTeX Warning: Reference `app:validity' on page 5 undefined on input line 317.


LaTeX Warning: Reference `app:rigidity' on page 5 undefined on input line 318.


LaTeX Warning: Reference `thm:exact' on page 5 undefined on input line 323.


Package hyperref Warning: Token not allowed in a PDF string (Unicode):
(hyperref)                removing `math shift' on input line 380.


Package hyperref Warning: Token not allowed in a PDF string (Unicode):
(hyperref)                removing `\eta' on input line 380.


Package hyperref Warning: Token not allowed in a PDF string (Unicode):
(hyperref)                removing `math shift' on input line 380.


LaTeX Warning: Reference `thm:exact' on page 5 undefined on input line 412.


LaTeX Warning: Reference `thm:ceiling' on page 5 undefined on input line 443.

[5]

LaTeX Warning: Reference `app:hardness' on page 6 undefined on input line 457.


LaTeX Warning: Reference `def:eta' on page 6 undefined on input line 484.


LaTeX Warning: Reference `app:hardness' on page 6 undefined on input line 492.


LaTeX Warning: Reference `thm:ceiling' on page 6 undefined on input line 509.


LaTeX Warning: Reference `thm:hardness' on page 6 undefined on input line 511.


LaTeX Warning: Reference `sec:tightness' on page 6 undefined on input line 556.



LaTeX Warning: Reference `prop:guarantee' on page 6 undefined on input line 562
.


LaTeX Warning: Reference `thm:exact' on page 6 undefined on input line 563.


LaTeX Warning: Reference `rem:exact-gap' on page 6 undefined on input line 564.



LaTeX Warning: Reference `thm:hardness' on page 6 undefined on input line 565.


LaTeX Warning: Reference `prop:guarantee' on page 6 undefined on input line 584
.


LaTeX Warning: Reference `thm:hardness' on page 6 undefined on input line 584.


LaTeX Warning: Reference `thm:hardness' on page 6 undefined on input line 600.

[6]) (./sections/experiments.tex

LaTeX Warning: Reference `prop:guarantee' on page 7 undefined on input line 32.



LaTeX Warning: Reference `def:eta' on page 7 undefined on input line 33.


LaTeX Warning: Reference `rem:etasel-measurable' on page 7 undefined on input l
ine 36.


LaTeX Warning: Reference `sec:model' on page 7 undefined on input line 40.


LaTeX Warning: Reference `thm:exact' on page 7 undefined on input line 44.


LaTeX Warning: Reference `thm:tightness' on page 7 undefined on input line 44.


Package natbib Warning: Citation `kempe2003maximizing' on page 7 undefined on i
nput line 60.


Package natbib Warning: Citation `rozemberczki2019gemsec' on page 7 undefined o
n input line 64.


Package natbib Warning: Citation `leskovec2007graph' on page 7 undefined on inp
ut line 64.


Package natbib Warning: Citation `yin2017local' on page 7 undefined on input li
ne 64.


Package natbib Warning: Citation `lin2011class' on page 7 undefined on input li
ne 68.


Package natbib Warning: Citation `greene2006practical' on page 7 undefined on i
nput line 69.


LaTeX Warning: Reference `tab:experiments' on page 7 undefined on input line 75
.


Package natbib Warning: Citation `mirzasoleiman2015lazier' on page 7 undefined 
on input line 79.


LaTeX Warning: Reference `app:experiments' on page 7 undefined on input line 81
.


LaTeX Warning: Reference `prop:guarantee' on page 7 undefined on input line 102
.


LaTeX Warning: Reference `prop:guarantee' on page 7 undefined on input line 102
.


LaTeX Warning: Reference `thm:exact' on page 7 undefined on input line 117.


LaTeX Warning: Reference `fig:money' on page 7 undefined on input line 117.


LaTeX Warning: Reference `thm:exact' on page 7 undefined on input line 117.


LaTeX Warning: Reference `fig:money' on page 7 undefined on input line 117.


LaTeX Warning: Reference `app:experiments' on page 7 undefined on input line 13
8.


LaTeX Warning: Reference `prop:guarantee' on page 7 undefined on input line 143
.


LaTeX Warning: Reference `tab:experiments' on page 7 undefined on input line 15
4.

[7] [8 <./figures/money_plot.pdf> <./figures/eta_global_plot.pdf>]

LaTeX Warning: Reference `tab:experiments' on page 9 undefined on input line 18
5.


LaTeX Warning: Reference `prop:guarantee' on page 9 undefined on input line 189
.


LaTeX Warning: Reference `def:etasel' on page 9 undefined on input line 199.


LaTeX Warning: Reference `tab:experiments' on page 9 undefined on input line 20
2.


LaTeX Warning: Reference `sec:related' on page 9 undefined on input line 205.

(./sections/EXP_table.tex

LaTeX Warning: Reference `prop:guarantee' on page 9 undefined on input line 18.



LaTeX Warning: Reference `prop:guarantee' on page 9 undefined on input line 18.


(/usr/share/texlive/texmf-dist/tex/latex/psnfss/ot1pcr.fd))

LaTeX Warning: Reference `thm:exact' on page 9 undefined on input line 212.


LaTeX Warning: Reference `thm:tightness' on page 9 undefined on input line 214.



LaTeX Warning: Reference `fig:money' on page 9 undefined on input line 219.


LaTeX Warning: Reference `fig:global' on page 9 undefined on input line 219.


LaTeX Warning: Reference `app:experiments' on page 9 undefined on input line 22
4.

) (./sections/conclusion.tex) (./sections/statements.tex
Underfull \vbox (badness 10000) has occurred while \output is active [9])
No file main_hj3.bbl.
(./sections/notation_table.tex

LaTeX Warning: Reference `def:etasel' on page 10 undefined on input line 18.


LaTeX Warning: Reference `prop:guarantee' on page 10 undefined on input line 28
.


LaTeX Warning: Reference `thm:exact' on page 10 undefined on input line 32.


LaTeX Warning: Reference `sec:hardness' on page 10 undefined on input line 36.


Overfull \hbox (135.20775pt too wide) in paragraph at lines 8--44
 [][] 
) (./sections/appendix_proofs.tex
Underfull \vbox (badness 7613) has occurred while \output is active [10]

LaTeX Warning: Reference `prop:necessity' on page 11 undefined on input line 80
.


LaTeX Warning: Reference `prop:valueacc' on page 11 undefined on input line 145
.

[11]

LaTeX Warning: Reference `def:eta' on page 12 undefined on input line 176.


LaTeX Warning: Reference `def:etasel' on page 12 undefined on input line 190.


LaTeX Warning: Reference `prop:guarantee' on page 12 undefined on input line 19
1.


LaTeX Warning: Reference `def:eta' on page 12 undefined on input line 196.


LaTeX Warning: Reference `prop:guarantee' on page 12 undefined on input line 21
5.


Package natbib Warning: Citation `goundan2007revisiting' on page 12 undefined o
n input line 217.


LaTeX Warning: Reference `sec:model' on page 12 undefined on input line 218.


LaTeX Warning: Reference `def:etasel' on page 12 undefined on input line 242.


LaTeX Warning: Reference `def:etasel' on page 12 undefined on input line 254.

[12]

LaTeX Warning: Reference `def:etasel' on page 13 undefined on input line 296.


LaTeX Warning: Reference `app:tightness' on page 13 undefined on input line 328
.


LaTeX Warning: Reference `def:etasel' on page 13 undefined on input line 329.


LaTeX Warning: Reference `thm:tightness' on page 13 undefined on input line 334
.


Package hyperref Warning: Token not allowed in a PDF string (Unicode):
(hyperref)                removing `math shift' on input line 334.


Package hyperref Warning: Token not allowed in a PDF string (Unicode):
(hyperref)                removing `math shift' on input line 334.


LaTeX Warning: Reference `lem:app-count' on page 13 undefined on input line 358
.

[13]

LaTeX Warning: Reference `eq:uk-family' on page 14 undefined on input line 374.



LaTeX Warning: Reference `eq:uk-G-diffs0' on page 14 undefined on input line 38
8.


LaTeX Warning: Reference `eq:uk-G-diffs0' on page 14 undefined on input line 39
1.


LaTeX Warning: Reference `eq:uk-G-diffs1' on page 14 undefined on input line 39
1.


LaTeX Warning: Reference `eq:uk-F-diffs' on page 14 undefined on input line 392
.


LaTeX Warning: Reference `eq:uk-F-diffs' on page 14 undefined on input line 409
.


LaTeX Warning: Reference `def:eta' on page 14 undefined on input line 410.


LaTeX Warning: Reference `eq:uk-F-diffs' on page 14 undefined on input line 413
.


LaTeX Warning: Reference `lem:app-count' on page 14 undefined on input line 423
.


LaTeX Warning: Reference `sec:model' on page 14 undefined on input line 426.


LaTeX Warning: Reference `eq:uk-G-diffs0' on page 14 undefined on input line 45
7.

[14]

LaTeX Warning: Reference `eq:uk-F-diffs' on page 15 undefined on input line 474
.


LaTeX Warning: Reference `def:etasel' on page 15 undefined on input line 477.


LaTeX Warning: Reference `eq:uk-eta' on page 15 undefined on input line 491.


LaTeX Warning: Reference `eq:uk-eta' on page 15 undefined on input line 497.


LaTeX Warning: Reference `prop:guarantee' on page 15 undefined on input line 50
3.


LaTeX Warning: Reference `rem:exact-gap' on page 15 undefined on input line 505
.


LaTeX Warning: Reference `thm:tightness' on page 15 undefined on input line 510
.


LaTeX Warning: Reference `eq:uk-family' on page 15 undefined on input line 511.



Underfull \hbox (badness 3049) in paragraph at lines 515--517
[]\OT1/ptm/m/n/10 The iden-ti-ties of this proof are machine-checked by \OT1/pc
r/m/n/10 results/T5[]symbolic.py \OT1/ptm/m/n/10 and

LaTeX Warning: Reference `lem:coherence' on page 15 undefined on input line 519
.


LaTeX Warning: Reference `def:eta' on page 15 undefined on input line 543.


LaTeX Warning: Reference `eq:coh-pred' on page 15 undefined on input line 544.


LaTeX Warning: Reference `eq:coh-pred' on page 15 undefined on input line 552.

[15]

LaTeX Warning: Reference `app:validity' on page 16 undefined on input line 572.



LaTeX Warning: Reference `thm:exact' on page 16 undefined on input line 577.


LaTeX Warning: Reference `lem:coherence' on page 16 undefined on input line 581
.


LaTeX Warning: Reference `sec:coherence' on page 16 undefined on input line 581
.


LaTeX Warning: Reference `eq:duals-jpos' on page 16 undefined on input line 584
.


LaTeX Warning: Reference `eq:vj-family' on page 16 undefined on input line 585.



LaTeX Warning: Reference `app:rigidity' on page 16 undefined on input line 586.



LaTeX Warning: Reference `app:validity' on page 16 undefined on input line 591.



LaTeX Warning: Reference `app:validity' on page 16 undefined on input line 611.



LaTeX Warning: Reference `eq:redlp' on page 16 undefined on input line 624.


LaTeX Warning: Reference `eq:redlp' on page 16 undefined on input line 632.

[16]

LaTeX Warning: Reference `eq:duals-jpos' on page 17 undefined on input line 672
.


LaTeX Warning: Reference `eq:duals-jpos' on page 17 undefined on input line 687
.


LaTeX Warning: Reference `eq:duals-jzero' on page 17 undefined on input line 68
7.


LaTeX Warning: Reference `eq:duals-jpos' on page 17 undefined on input line 702
.

[17]

LaTeX Warning: Reference `eq:combination' on page 18 undefined on input line 79
2.


LaTeX Warning: Reference `eq:redlp' on page 18 undefined on input line 793.

[18]

LaTeX Warning: Reference `thm:exact' on page 19 undefined on input line 821.


LaTeX Warning: Reference `lem:app-count' on page 19 undefined on input line 850
.


LaTeX Warning: Reference `eq:vj-family' on page 19 undefined on input line 857.



LaTeX Warning: Reference `lem:app-count' on page 19 undefined on input line 899
.


LaTeX Warning: Reference `eq:W0-identity' on page 19 undefined on input line 90
6.

[19]

LaTeX Warning: Reference `def:eta' on page 20 undefined on input line 924.


LaTeX Warning: Reference `eq:W0-identity' on page 20 undefined on input line 95
4.


LaTeX Warning: Reference `thm:exact' on page 20 undefined on input line 976.


LaTeX Warning: Reference `eq:redlp' on page 20 undefined on input line 984.

[20]

LaTeX Warning: Reference `prop:rigidity' on page 21 undefined on input line 100
9.


LaTeX Warning: Reference `app:exact' on page 21 undefined on input line 1022.


LaTeX Warning: Reference `app:validity' on page 21 undefined on input line 1028
.


LaTeX Warning: Reference `eq:redlp' on page 21 undefined on input line 1029.


LaTeX Warning: Reference `eq:duals-jpos' on page 21 undefined on input line 103
6.


LaTeX Warning: Reference `eq:duals-jzero' on page 21 undefined on input line 10
37.

(/usr/share/texlive/texmf-dist/tex/latex/psnfss/ts1ptm.fd)

LaTeX Warning: Reference `rem:rigidity-breakpoints' on page 21 undefined on inp
ut line 1054.


LaTeX Warning: Reference `eq:combination' on page 21 undefined on input line 10
58.

[21]

LaTeX Warning: Reference `lem:app-cons' on page 22 undefined on input line 1136
.


LaTeX Warning: Reference `lem:app-mono' on page 22 undefined on input line 1137
.


LaTeX Warning: Reference `sec:coherence' on page 22 undefined on input line 113
8.


LaTeX Warning: Reference `prop:rigidity' on page 22 undefined on input line 114
8.


LaTeX Warning: Reference `app:exact' on page 22 undefined on input line 1150.


LaTeX Warning: Reference `eq:vj-family' on page 22 undefined on input line 1150
.


LaTeX Warning: Reference `app:validity' on page 22 undefined on input line 1155
.


LaTeX Warning: Reference `app:validity' on page 22 undefined on input line 1158
.


LaTeX Warning: Reference `def:etasel' on page 22 undefined on input line 1164.


LaTeX Warning: Reference `rem:rigidity-breakpoints' on page 22 undefined on inp
ut line 1166.


LaTeX Warning: Reference `rem:rigidity-ties' on page 22 undefined on input line
 1170.


LaTeX Warning: Reference `app:validity' on page 22 undefined on input line 1171
.


LaTeX Warning: Reference `lem:app-cons' on page 22 undefined on input line 1181
.


LaTeX Warning: Reference `eq:combination' on page 22 undefined on input line 11
86.


LaTeX Warning: Reference `rem:rigidity-breakpoints' on page 22 undefined on inp
ut line 1194.


LaTeX Warning: Reference `eq:redlp' on page 22 undefined on input line 1196.

[22]

LaTeX Warning: Reference `thm:ceiling' on page 23 undefined on input line 1206.



LaTeX Warning: Reference `cor:limit' on page 23 undefined on input line 1275.

[23]

LaTeX Warning: Reference `rem:exact-gap' on page 24 undefined on input line 129
4.


LaTeX Warning: Reference `thm:hardness' on page 24 undefined on input line 1308
.


LaTeX Warning: Reference `thm:hardness' on page 24 undefined on input line 1311
.


LaTeX Warning: Reference `sec:hardness' on page 24 undefined on input line 1349
.


LaTeX Warning: Reference `lem:app-count' on page 24 undefined on input line 136
2.


LaTeX Warning: Reference `def:eta' on page 24 undefined on input line 1399.


LaTeX Warning: Reference `def:eta' on page 24 undefined on input line 1408.

[24]

LaTeX Warning: Reference `lem:app-count' on page 25 undefined on input line 143
3.

[25]

LaTeX Warning: Reference `thm:hardness' on page 26 undefined on input line 1505
.


LaTeX Warning: Reference `thm:hardness' on page 26 undefined on input line 1515
.


LaTeX Warning: Reference `thm:hardness' on page 26 undefined on input line 1517
.


LaTeX Warning: Reference `prop:guarantee' on page 26 undefined on input line 15
17.


LaTeX Warning: Reference `app:asymptotics' on page 26 undefined on input line 1
543.


LaTeX Warning: Reference `thm:hardness' on page 26 undefined on input line 1584
.

[26]

LaTeX Warning: Reference `thm:exact' on page 27 undefined on input line 1643.


LaTeX Warning: Reference `app:exact' on page 27 undefined on input line 1675.


LaTeX Warning: Reference `eq:redlp' on page 27 undefined on input line 1676.


LaTeX Warning: Reference `def:eta' on page 27 undefined on input line 1682.

[27]

LaTeX Warning: Reference `lem:app-sign' on page 28 undefined on input line 1736
.


LaTeX Warning: Reference `def:eta' on page 28 undefined on input line 1787.


LaTeX Warning: Reference `lem:coherence' on page 28 undefined on input line 179
0.


LaTeX Warning: Reference `lem:coherence' on page 28 undefined on input line 180
0.


LaTeX Warning: Reference `def:eta' on page 28 undefined on input line 1805.


LaTeX Warning: Reference `eq:redlp' on page 28 undefined on input line 1807.


LaTeX Warning: Reference `eq:redlp' on page 28 undefined on input line 1809.


LaTeX Warning: Reference `lem:app-sign' on page 28 undefined on input line 1813
.


LaTeX Warning: Reference `lem:app-cons' on page 28 undefined on input line 1813
.

[28]

LaTeX Warning: Reference `lem:app-relaxation' on page 29 undefined on input lin
e 1820.


LaTeX Warning: Reference `eq:redlp' on page 29 undefined on input line 1821.


LaTeX Warning: Reference `app:exact' on page 29 undefined on input line 1823.


LaTeX Warning: Reference `eq:redlp' on page 29 undefined on input line 1824.


LaTeX Warning: Reference `lem:coherence' on page 29 undefined on input line 183
4.


LaTeX Warning: Reference `prop:guarantee' on page 29 undefined on input line 18
39.


LaTeX Warning: Reference `thm:exact' on page 29 undefined on input line 1840.


LaTeX Warning: Reference `lem:coherence' on page 29 undefined on input line 184
8.


Underfull \hbox (badness 10000) in paragraph at lines 1853--1859
[]\OT1/ptm/m/n/10 The slack iden-ti-ties of $[]$ and $[]$ case (b) are machine-
checked by

Underfull \hbox (badness 4981) in paragraph at lines 1853--1859
\OT1/pcr/m/n/10 results/H3[]j2[]recheck.py \OT1/ptm/m/n/10 and \OT1/pcr/m/n/10 
results/J2[]core[]oracles.py \OT1/ptm/m/n/10 (sym-bolic, plus

LaTeX Warning: Reference `sec:experiments' on page 29 undefined on input line 1
862.


LaTeX Warning: Reference `app:tightness' on page 29 undefined on input line 186
3.


LaTeX Warning: Reference `app:exact' on page 29 undefined on input line 1863.


LaTeX Warning: Reference `eq:uk-family' on page 29 undefined on input line 1864
.


LaTeX Warning: Reference `eq:vj-family' on page 29 undefined on input line 1864
.


LaTeX Warning: Reference `eq:uk-family' on page 29 undefined on input line 1870
.

) (./sections/appendix_experiments.tex
Underfull \hbox (badness 10000) in paragraph at lines 1873--9
[]\OT1/ptm/m/n/10 The com-pu-ta-tions of this sub-sec-tion are machine-checked 
by

LaTeX Warning: Reference `tab:experiments' on page 29 undefined on input line 2
5.


LaTeX Warning: Reference `def:etasel' on page 29 undefined on input line 25.

[29]

LaTeX Warning: Reference `sec:experiments' on page 30 undefined on input line 3
9.


LaTeX Warning: Reference `tab:experiments' on page 30 undefined on input line 5
2.


Package natbib Warning: Citation `peng2005feature' on page 30 undefined on inpu
t line 82.


Package natbib Warning: Citation `geurts2006extremely' on page 30 undefined on 
input line 84.


LaTeX Warning: Reference `sec:experiments' on page 30 undefined on input line 1
47.


LaTeX Warning: Reference `thm:exact' on page 30 undefined on input line 148.


LaTeX Warning: Reference `thm:tightness' on page 30 undefined on input line 150
.


LaTeX Warning: Reference `thm:tightness' on page 30 undefined on input line 152
.


LaTeX Warning: Reference `tab:experiments' on page 30 undefined on input line 1
56.

)

Package natbib Warning: There were undefined citations.

[30] [31 <./figures/aux_eta_sel_by_K.pdf> <./figures/aux_p_vs_eta.pdf>]
[32 <./figures/aux_d_dtilde_scatter.pdf>] (./main_hj3.aux)

LaTeX Warning: There were undefined references.


LaTeX Warning: Label(s) may have changed. Rerun to get cross-references right.


Package rerunfilecheck Warning: File `main_hj3.out' has changed.
(rerunfilecheck)                Rerun to get outlines right
(rerunfilecheck)                or use package `bookmark'.

 )
(see the transcript file for additional information)</usr/share/texlive/texmf-d
ist/fonts/type1/public/amsfonts/cm/cmbx10.pfb></usr/share/texlive/texmf-dist/fo
nts/type1/public/amsfonts/cm/cmex10.pfb></usr/share/texlive/texmf-dist/fonts/ty
pe1/public/amsfonts/cm/cmmi10.pfb></usr/share/texlive/texmf-dist/fonts/type1/pu
blic/amsfonts/cm/cmmi5.pfb></usr/share/texlive/texmf-dist/fonts/type1/public/am
sfonts/cm/cmmi6.pfb></usr/share/texlive/texmf-dist/fonts/type1/public/amsfonts/
cm/cmmi7.pfb></usr/share/texlive/texmf-dist/fonts/type1/public/amsfonts/cm/cmmi
9.pfb></usr/share/texlive/texmf-dist/fonts/type1/public/amsfonts/cm/cmr10.pfb><
/usr/share/texlive/texmf-dist/fonts/type1/public/amsfonts/cm/cmr5.pfb></usr/sha
re/texlive/texmf-dist/fonts/type1/public/amsfonts/cm/cmr6.pfb></usr/share/texli
ve/texmf-dist/fonts/type1/public/amsfonts/cm/cmr7.pfb></usr/share/texlive/texmf
-dist/fonts/type1/public/amsfonts/cm/cmr9.pfb></usr/share/texlive/texmf-dist/fo
nts/type1/public/amsfonts/cm/cmsy10.pfb></usr/share/texlive/texmf-dist/fonts/ty
pe1/public/amsfonts/cm/cmsy5.pfb></usr/share/texlive/texmf-dist/fonts/type1/pub
lic/amsfonts/cm/cmsy6.pfb></usr/share/texlive/texmf-dist/fonts/type1/public/ams
fonts/cm/cmsy7.pfb></usr/share/texlive/texmf-dist/fonts/type1/public/amsfonts/c
m/cmsy9.pfb></usr/share/texlive/texmf-dist/fonts/type1/public/amsfonts/symbols/
msbm10.pfb></usr/share/texlive/texmf-dist/fonts/type1/urw/courier/ucrr8a.pfb></
usr/share/texlive/texmf-dist/fonts/type1/urw/times/utmb8a.pfb></usr/share/texli
ve/texmf-dist/fonts/type1/urw/times/utmr8a.pfb></usr/share/texlive/texmf-dist/f
onts/type1/urw/times/utmri8a.pfb>
Output written on main_hj3.pdf (32 pages, 581143 bytes).
Transcript written on main_hj3.log.
=== PDFLATEX1 EXIT=0
This is BibTeX, Version 0.99d (TeX Live 2023/Debian)
The top-level auxiliary file: main_hj3.aux
The style file: iclr2027_conference.bst
Database file #1: references.bib
=== BIBTEX EXIT=0
This is pdfTeX, Version 3.141592653-2.6-1.40.25 (TeX Live 2023/Debian) (preloaded format=pdflatex)
 restricted \write18 enabled.
entering extended mode
(./main.tex
LaTeX2e <2023-11-01> patch level 1
L3 programming layer <2024-01-22>
(/usr/share/texlive/texmf-dist/tex/latex/base/article.cls
Document Class: article 2023/05/17 v1.4n Standard LaTeX document class
(/usr/share/texlive/texmf-dist/tex/latex/base/size10.clo))
(./iclr2027_conference.sty
(/usr/share/texlive/texmf-dist/tex/latex/eso-pic/eso-pic.sty
(/usr/share/texlive/texmf-dist/tex/latex/graphics/keyval.sty)
(/usr/share/texlive/texmf-dist/tex/latex/xcolor/xcolor.sty
(/usr/share/texlive/texmf-dist/tex/latex/graphics-cfg/color.cfg)
(/usr/share/texlive/texmf-dist/tex/latex/graphics-def/pdftex.def)
(/usr/share/texlive/texmf-dist/tex/latex/graphics/mathcolor.ltx)))
(./fancyhdr.sty) (./natbib.sty))
(/usr/share/texlive/texmf-dist/tex/latex/psnfss/times.sty) (./math_commands.tex
 (/usr/share/texlive/texmf-dist/tex/latex/amsmath/amsmath.sty
For additional information on amsmath, use the `?' option.
(/usr/share/texlive/texmf-dist/tex/latex/amsmath/amstext.sty
(/usr/share/texlive/texmf-dist/tex/latex/amsmath/amsgen.sty))
(/usr/share/texlive/texmf-dist/tex/latex/amsmath/amsbsy.sty)
(/usr/share/texlive/texmf-dist/tex/latex/amsmath/amsopn.sty))
(/usr/share/texlive/texmf-dist/tex/latex/amsfonts/amsfonts.sty)
(/usr/share/texlive/texmf-dist/tex/latex/tools/bm.sty))
(/usr/share/texlive/texmf-dist/tex/latex/hyperref/hyperref.sty
(/usr/share/texlive/texmf-dist/tex/generic/iftex/iftex.sty)
(/usr/share/texlive/texmf-dist/tex/latex/kvsetkeys/kvsetkeys.sty)
(/usr/share/texlive/texmf-dist/tex/generic/kvdefinekeys/kvdefinekeys.sty)
(/usr/share/texlive/texmf-dist/tex/generic/pdfescape/pdfescape.sty
(/usr/share/texlive/texmf-dist/tex/generic/ltxcmds/ltxcmds.sty)
(/usr/share/texlive/texmf-dist/tex/generic/pdftexcmds/pdftexcmds.sty
(/usr/share/texlive/texmf-dist/tex/generic/infwarerr/infwarerr.sty)))
(/usr/share/texlive/texmf-dist/tex/latex/hycolor/hycolor.sty)
(/usr/share/texlive/texmf-dist/tex/latex/auxhook/auxhook.sty)
(/usr/share/texlive/texmf-dist/tex/latex/hyperref/nameref.sty
(/usr/share/texlive/texmf-dist/tex/latex/refcount/refcount.sty)
(/usr/share/texlive/texmf-dist/tex/generic/gettitlestring/gettitlestring.sty
(/usr/share/texlive/texmf-dist/tex/latex/kvoptions/kvoptions.sty)))
(/usr/share/texlive/texmf-dist/tex/latex/etoolbox/etoolbox.sty)
(/usr/share/texlive/texmf-dist/tex/latex/hyperref/pd1enc.def)
(/usr/share/texlive/texmf-dist/tex/generic/intcalc/intcalc.sty)
(/usr/share/texlive/texmf-dist/tex/latex/hyperref/puenc.def)
(/usr/share/texlive/texmf-dist/tex/latex/url/url.sty)
(/usr/share/texlive/texmf-dist/tex/generic/bitset/bitset.sty
(/usr/share/texlive/texmf-dist/tex/generic/bigintcalc/bigintcalc.sty))
(/usr/share/texlive/texmf-dist/tex/latex/base/atbegshi-ltx.sty))
(/usr/share/texlive/texmf-dist/tex/latex/hyperref/hpdftex.def
(/usr/share/texlive/texmf-dist/tex/latex/base/atveryend-ltx.sty)
(/usr/share/texlive/texmf-dist/tex/latex/rerunfilecheck/rerunfilecheck.sty
(/usr/share/texlive/texmf-dist/tex/generic/uniquecounter/uniquecounter.sty)))
(/usr/share/texlive/texmf-dist/tex/latex/amsfonts/amssymb.sty)
(/usr/share/texlive/texmf-dist/tex/latex/amscls/amsthm.sty)
(/usr/share/texlive/texmf-dist/tex/latex/booktabs/booktabs.sty)
(/usr/share/texlive/texmf-dist/tex/latex/graphics/graphicx.sty
(/usr/share/texlive/texmf-dist/tex/latex/graphics/graphics.sty
(/usr/share/texlive/texmf-dist/tex/latex/graphics/trig.sty)
(/usr/share/texlive/texmf-dist/tex/latex/graphics-cfg/graphics.cfg)))
(./macros.tex) (./sections/numbers.tex)
(/usr/share/texlive/texmf-dist/tex/latex/psnfss/ot1ptm.fd)
(/usr/share/texlive/texmf-dist/tex/latex/l3backend/l3backend-pdftex.def)
(./main_hj3.aux)
(/usr/share/texlive/texmf-dist/tex/context/base/mkii/supp-pdf.mkii
[Loading MPS to PDF converter (version 2006.09.02).]
) (/usr/share/texlive/texmf-dist/tex/latex/epstopdf-pkg/epstopdf-base.sty
(/usr/share/texlive/texmf-dist/tex/latex/latexconfig/epstopdf-sys.cfg))
(./main_hj3.out) (./main_hj3.out)
(/usr/share/texlive/texmf-dist/tex/latex/amsfonts/umsa.fd)
(/usr/share/texlive/texmf-dist/tex/latex/amsfonts/umsb.fd)
(./sections/model.tex

Package natbib Warning: Citation `lattanzi2020online' on page 1 undefined on in
put line 33.


Package natbib Warning: Citation `azar2021flow' on page 1 undefined on input li
ne 33.


Package natbib Warning: Citation `zhao2022real' on page 1 undefined on input li
ne 33.


Package natbib Warning: Citation `goundan2007revisiting' on page 1 undefined on
 input line 69.

) (./sections/related.tex

Package natbib Warning: Citation `goundan2007revisiting' on page 1 undefined on
 input line 38.


Package natbib Warning: Citation `nemhauser1978analysis' on page 1 undefined on
 input line 42.


Package natbib Warning: Citation `nemhauser1978best' on page 1 undefined on inp
ut line 43.


Package natbib Warning: Citation `feige1998threshold' on page 1 undefined on in
put line 48.

[1{/var/lib/texmf/fonts/map/pdftex/updmap/pdftex.map}{/usr/share/texlive/texmf-
dist/fonts/enc/dvips/base/8r.enc}]

Package natbib Warning: Citation `das2011submodular' on page 2 undefined on inp
ut line 59.


Package natbib Warning: Citation `das2011submodular' on page 2 undefined on inp
ut line 60.


Package natbib Warning: Citation `elenberg2018restricted' on page 2 undefined o
n input line 61.


Package natbib Warning: Citation `hassidim2017submodular' on page 2 undefined o
n input line 71.


Package natbib Warning: Citation `horel2016maximization' on page 2 undefined on
 input line 74.


Package natbib Warning: Citation `bhawalkar2025unified' on page 2 undefined on 
input line 77.


Package natbib Warning: Citation `purohit2018improving' on page 2 undefined on 
input line 89.


Package natbib Warning: Citation `lykouris2021competitive' on page 2 undefined 
on input line 90.


Package natbib Warning: Citation `balcan2018submodular' on page 2 undefined on 
input line 95.


Package natbib Warning: Citation `rosenfeld2018learning' on page 2 undefined on
 input line 97.


Package natbib Warning: Citation `agarwal2024learning' on page 2 undefined on i
nput line 102.


Package natbib Warning: Citation `cohenaddad2024learning' on page 2 undefined o
n input line 107.


Package natbib Warning: Citation `balkanski2016power' on page 2 undefined on in
put line 114.


Package natbib Warning: Citation `balkanski2017limitations' on page 2 undefined
 on input line 117.

) (./sections/results.tex [2]

Package natbib Warning: Citation `hassidim2017submodular' on page 3 undefined o
n input line 37.


Package natbib Warning: Citation `goundan2007revisiting' on page 3 undefined on
 input line 83.


Package hyperref Warning: Token not allowed in a PDF string (Unicode):
(hyperref)                removing `math shift' on input line 108.


Package hyperref Warning: Token not allowed in a PDF string (Unicode):
(hyperref)                removing `math shift' on input line 108.

[3] [4]

Package hyperref Warning: Token not allowed in a PDF string (Unicode):
(hyperref)                removing `math shift' on input line 380.


Package hyperref Warning: Token not allowed in a PDF string (Unicode):
(hyperref)                removing `\eta' on input line 380.


Package hyperref Warning: Token not allowed in a PDF string (Unicode):
(hyperref)                removing `math shift' on input line 380.

[5] [6]) (./sections/experiments.tex

Package natbib Warning: Citation `kempe2003maximizing' on page 7 undefined on i
nput line 60.


Package natbib Warning: Citation `rozemberczki2019gemsec' on page 7 undefined o
n input line 64.


Package natbib Warning: Citation `leskovec2007graph' on page 7 undefined on inp
ut line 64.


Package natbib Warning: Citation `yin2017local' on page 7 undefined on input li
ne 64.


Package natbib Warning: Citation `lin2011class' on page 7 undefined on input li
ne 68.


Package natbib Warning: Citation `greene2006practical' on page 7 undefined on i
nput line 69.


Package natbib Warning: Citation `mirzasoleiman2015lazier' on page 7 undefined 
on input line 79.

[7]
Underfull \vbox (badness 1275) has occurred while \output is active [8 <./figur
es/money_plot.pdf> <./figures/eta_global_plot.pdf>] (./sections/EXP_table.tex
(/usr/share/texlive/texmf-dist/tex/latex/psnfss/ot1pcr.fd)))
(./sections/conclusion.tex) (./sections/statements.tex
Underfull \vbox (badness 10000) has occurred while \output is active [9])
(./main_hj3.bbl
Underfull \hbox (badness 6608) in paragraph at lines 9--15
[]\OT1/ptm/m/n/10 Arpit Agar-wal and Eric Balka-n-ski.  Learning-augmented dy-n
amic sub-mod-u-lar max-

Underfull \hbox (badness 7326) in paragraph at lines 9--15
\OT1/ptm/m/n/10 i-miza-tion.  In \OT1/ptm/m/it/10 Ad-vances in Neu-ral In-for-m
a-tion Pro-cess-ing Sys-tems 37 (NeurIPS

Underfull \hbox (badness 1924) in paragraph at lines 32--38
[]\OT1/ptm/m/n/10 Eric Balka-n-ski, Aviad Ru-bin-stein, and Yaron Singer.  The 
power of op-ti-miza-tion from

Underfull \hbox (badness 1173) in paragraph at lines 32--38
\OT1/ptm/m/n/10 sam-ples.  In \OT1/ptm/m/it/10 Ad-vances in Neu-ral In-for-ma-t
ion Pro-cess-ing Sys-tems 29 (NIPS 2016)\OT1/ptm/m/n/10 , pp.

Underfull \hbox (badness 2293) in paragraph at lines 58--66
[]\OT1/ptm/m/n/10 Vincent Cohen-Addad, Tom-maso d'Orsi, Anu-pam Gupta, Eui-woon
g Lee, and Deb-malya

Underfull \hbox (badness 3758) in paragraph at lines 58--66
\OT1/ptm/m/n/10 Pan-i-grahi.  Learning-augmented ap-prox-i-ma-tion al-go-rithms
 for max-i-mum cut and re-

Underfull \hbox (badness 1910) in paragraph at lines 58--66
\OT1/ptm/m/n/10 lated prob-lems.  In \OT1/ptm/m/it/10 Ad-vances in Neu-ral In-f
or-ma-tion Pro-cess-ing Sys-tems 37 (NeurIPS
[10]
Underfull \hbox (badness 5260) in paragraph at lines 121--127
[]\OT1/ptm/m/n/10 Thibaut Horel and Yaron Singer.  Max-i-miza-tion of ap-prox-i
-mately sub-mod-u-lar func-

Underfull \hbox (badness 2452) in paragraph at lines 121--127
\OT1/ptm/m/n/10 tions.  In \OT1/ptm/m/it/10 Ad-vances in Neu-ral In-for-ma-tion
 Pro-cess-ing Sys-tems 29 (NIPS 2016)\OT1/ptm/m/n/10 , pp.
[11]) (./sections/notation_table.tex
Overfull \hbox (137.70775pt too wide) in paragraph at lines 8--44
 [][] 
) (./sections/appendix_proofs.tex [12] [13]

Package natbib Warning: Citation `goundan2007revisiting' on page 14 undefined o
n input line 217.

[14]

Package hyperref Warning: Token not allowed in a PDF string (Unicode):
(hyperref)                removing `math shift' on input line 334.


Package hyperref Warning: Token not allowed in a PDF string (Unicode):
(hyperref)                removing `math shift' on input line 334.

[15] [16]
Underfull \hbox (badness 3049) in paragraph at lines 515--517
[]\OT1/ptm/m/n/10 The iden-ti-ties of this proof are machine-checked by \OT1/pc
r/m/n/10 results/T5[]symbolic.py \OT1/ptm/m/n/10 and
[17] [18] [19] [20] [21] [22]
(/usr/share/texlive/texmf-dist/tex/latex/psnfss/ts1ptm.fd) [23] [24] [25]
[26] [27] [28] [29] [30]
Underfull \hbox (badness 10000) in paragraph at lines 1853--1859
[]\OT1/ptm/m/n/10 The slack iden-ti-ties of $[]$ and $[]$ case (b) are machine-
checked by

Underfull \hbox (badness 4981) in paragraph at lines 1853--1859
\OT1/pcr/m/n/10 results/H3[]j2[]recheck.py \OT1/ptm/m/n/10 and \OT1/pcr/m/n/10 
results/J2[]core[]oracles.py \OT1/ptm/m/n/10 (sym-bolic, plus
) (./sections/appendix_experiments.tex
Underfull \hbox (badness 10000) in paragraph at lines 1873--9
[]\OT1/ptm/m/n/10 The com-pu-ta-tions of this sub-sec-tion are machine-checked 
by
[31]

Package natbib Warning: Citation `peng2005feature' on page 32 undefined on inpu
t line 82.


Package natbib Warning: Citation `geurts2006extremely' on page 32 undefined on 
input line 84.

)

Package natbib Warning: There were undefined citations.

[32] [33 <./figures/aux_eta_sel_by_K.pdf> <./figures/aux_p_vs_eta.pdf>]
[34 <./figures/aux_d_dtilde_scatter.pdf>] (./main_hj3.aux

Package natbib Warning: Citation(s) may have changed.
(natbib)                Rerun to get citations correct.

)

LaTeX Warning: Label(s) may have changed. Rerun to get cross-references right.


Package rerunfilecheck Warning: File `main_hj3.out' has changed.
(rerunfilecheck)                Rerun to get outlines right
(rerunfilecheck)                or use package `bookmark'.

 )
(see the transcript file for additional information)</usr/share/texlive/texmf-d
ist/fonts/type1/public/amsfonts/cm/cmbx10.pfb></usr/share/texlive/texmf-dist/fo
nts/type1/public/amsfonts/cm/cmex10.pfb></usr/share/texlive/texmf-dist/fonts/ty
pe1/public/amsfonts/cm/cmmi10.pfb></usr/share/texlive/texmf-dist/fonts/type1/pu
blic/amsfonts/cm/cmmi5.pfb></usr/share/texlive/texmf-dist/fonts/type1/public/am
sfonts/cm/cmmi6.pfb></usr/share/texlive/texmf-dist/fonts/type1/public/amsfonts/
cm/cmmi7.pfb></usr/share/texlive/texmf-dist/fonts/type1/public/amsfonts/cm/cmmi
9.pfb></usr/share/texlive/texmf-dist/fonts/type1/public/amsfonts/cm/cmr10.pfb><
/usr/share/texlive/texmf-dist/fonts/type1/public/amsfonts/cm/cmr5.pfb></usr/sha
re/texlive/texmf-dist/fonts/type1/public/amsfonts/cm/cmr6.pfb></usr/share/texli
ve/texmf-dist/fonts/type1/public/amsfonts/cm/cmr7.pfb></usr/share/texlive/texmf
-dist/fonts/type1/public/amsfonts/cm/cmr9.pfb></usr/share/texlive/texmf-dist/fo
nts/type1/public/amsfonts/cm/cmsy10.pfb></usr/share/texlive/texmf-dist/fonts/ty
pe1/public/amsfonts/cm/cmsy5.pfb></usr/share/texlive/texmf-dist/fonts/type1/pub
lic/amsfonts/cm/cmsy6.pfb></usr/share/texlive/texmf-dist/fonts/type1/public/ams
fonts/cm/cmsy7.pfb></usr/share/texlive/texmf-dist/fonts/type1/public/amsfonts/c
m/cmsy9.pfb></usr/share/texlive/texmf-dist/fonts/type1/public/amsfonts/symbols/
msbm10.pfb></usr/share/texlive/texmf-dist/fonts/type1/urw/courier/ucrr8a.pfb></
usr/share/texlive/texmf-dist/fonts/type1/urw/times/utmb8a.pfb></usr/share/texli
ve/texmf-dist/fonts/type1/urw/times/utmr8a.pfb></usr/share/texlive/texmf-dist/f
onts/type1/urw/times/utmri8a.pfb>
Output written on main_hj3.pdf (34 pages, 603287 bytes).
Transcript written on main_hj3.log.
=== PDFLATEX2 EXIT=0
This is pdfTeX, Version 3.141592653-2.6-1.40.25 (TeX Live 2023/Debian) (preloaded format=pdflatex)
 restricted \write18 enabled.
entering extended mode
(./main.tex
LaTeX2e <2023-11-01> patch level 1
L3 programming layer <2024-01-22>
(/usr/share/texlive/texmf-dist/tex/latex/base/article.cls
Document Class: article 2023/05/17 v1.4n Standard LaTeX document class
(/usr/share/texlive/texmf-dist/tex/latex/base/size10.clo))
(./iclr2027_conference.sty
(/usr/share/texlive/texmf-dist/tex/latex/eso-pic/eso-pic.sty
(/usr/share/texlive/texmf-dist/tex/latex/graphics/keyval.sty)
(/usr/share/texlive/texmf-dist/tex/latex/xcolor/xcolor.sty
(/usr/share/texlive/texmf-dist/tex/latex/graphics-cfg/color.cfg)
(/usr/share/texlive/texmf-dist/tex/latex/graphics-def/pdftex.def)
(/usr/share/texlive/texmf-dist/tex/latex/graphics/mathcolor.ltx)))
(./fancyhdr.sty) (./natbib.sty))
(/usr/share/texlive/texmf-dist/tex/latex/psnfss/times.sty) (./math_commands.tex
 (/usr/share/texlive/texmf-dist/tex/latex/amsmath/amsmath.sty
For additional information on amsmath, use the `?' option.
(/usr/share/texlive/texmf-dist/tex/latex/amsmath/amstext.sty
(/usr/share/texlive/texmf-dist/tex/latex/amsmath/amsgen.sty))
(/usr/share/texlive/texmf-dist/tex/latex/amsmath/amsbsy.sty)
(/usr/share/texlive/texmf-dist/tex/latex/amsmath/amsopn.sty))
(/usr/share/texlive/texmf-dist/tex/latex/amsfonts/amsfonts.sty)
(/usr/share/texlive/texmf-dist/tex/latex/tools/bm.sty))
(/usr/share/texlive/texmf-dist/tex/latex/hyperref/hyperref.sty
(/usr/share/texlive/texmf-dist/tex/generic/iftex/iftex.sty)
(/usr/share/texlive/texmf-dist/tex/latex/kvsetkeys/kvsetkeys.sty)
(/usr/share/texlive/texmf-dist/tex/generic/kvdefinekeys/kvdefinekeys.sty)
(/usr/share/texlive/texmf-dist/tex/generic/pdfescape/pdfescape.sty
(/usr/share/texlive/texmf-dist/tex/generic/ltxcmds/ltxcmds.sty)
(/usr/share/texlive/texmf-dist/tex/generic/pdftexcmds/pdftexcmds.sty
(/usr/share/texlive/texmf-dist/tex/generic/infwarerr/infwarerr.sty)))
(/usr/share/texlive/texmf-dist/tex/latex/hycolor/hycolor.sty)
(/usr/share/texlive/texmf-dist/tex/latex/auxhook/auxhook.sty)
(/usr/share/texlive/texmf-dist/tex/latex/hyperref/nameref.sty
(/usr/share/texlive/texmf-dist/tex/latex/refcount/refcount.sty)
(/usr/share/texlive/texmf-dist/tex/generic/gettitlestring/gettitlestring.sty
(/usr/share/texlive/texmf-dist/tex/latex/kvoptions/kvoptions.sty)))
(/usr/share/texlive/texmf-dist/tex/latex/etoolbox/etoolbox.sty)
(/usr/share/texlive/texmf-dist/tex/latex/hyperref/pd1enc.def)
(/usr/share/texlive/texmf-dist/tex/generic/intcalc/intcalc.sty)
(/usr/share/texlive/texmf-dist/tex/latex/hyperref/puenc.def)
(/usr/share/texlive/texmf-dist/tex/latex/url/url.sty)
(/usr/share/texlive/texmf-dist/tex/generic/bitset/bitset.sty
(/usr/share/texlive/texmf-dist/tex/generic/bigintcalc/bigintcalc.sty))
(/usr/share/texlive/texmf-dist/tex/latex/base/atbegshi-ltx.sty))
(/usr/share/texlive/texmf-dist/tex/latex/hyperref/hpdftex.def
(/usr/share/texlive/texmf-dist/tex/latex/base/atveryend-ltx.sty)
(/usr/share/texlive/texmf-dist/tex/latex/rerunfilecheck/rerunfilecheck.sty
(/usr/share/texlive/texmf-dist/tex/generic/uniquecounter/uniquecounter.sty)))
(/usr/share/texlive/texmf-dist/tex/latex/amsfonts/amssymb.sty)
(/usr/share/texlive/texmf-dist/tex/latex/amscls/amsthm.sty)
(/usr/share/texlive/texmf-dist/tex/latex/booktabs/booktabs.sty)
(/usr/share/texlive/texmf-dist/tex/latex/graphics/graphicx.sty
(/usr/share/texlive/texmf-dist/tex/latex/graphics/graphics.sty
(/usr/share/texlive/texmf-dist/tex/latex/graphics/trig.sty)
(/usr/share/texlive/texmf-dist/tex/latex/graphics-cfg/graphics.cfg)))
(./macros.tex) (./sections/numbers.tex)
(/usr/share/texlive/texmf-dist/tex/latex/psnfss/ot1ptm.fd)
(/usr/share/texlive/texmf-dist/tex/latex/l3backend/l3backend-pdftex.def)
(./main_hj3.aux)
(/usr/share/texlive/texmf-dist/tex/context/base/mkii/supp-pdf.mkii
[Loading MPS to PDF converter (version 2006.09.02).]
) (/usr/share/texlive/texmf-dist/tex/latex/epstopdf-pkg/epstopdf-base.sty
(/usr/share/texlive/texmf-dist/tex/latex/latexconfig/epstopdf-sys.cfg))
(./main_hj3.out) (./main_hj3.out)
(/usr/share/texlive/texmf-dist/tex/latex/amsfonts/umsa.fd)
(/usr/share/texlive/texmf-dist/tex/latex/amsfonts/umsb.fd)
(./sections/model.tex) (./sections/related.tex [1{/var/lib/texmf/fonts/map/pdft
ex/updmap/pdftex.map}{/usr/share/texlive/texmf-dist/fonts/enc/dvips/base/8r.enc
}]) [2] (./sections/results.tex

Package hyperref Warning: Token not allowed in a PDF string (Unicode):
(hyperref)                removing `math shift' on input line 108.


Package hyperref Warning: Token not allowed in a PDF string (Unicode):
(hyperref)                removing `math shift' on input line 108.

[3] [4]

Package hyperref Warning: Token not allowed in a PDF string (Unicode):
(hyperref)                removing `math shift' on input line 380.


Package hyperref Warning: Token not allowed in a PDF string (Unicode):
(hyperref)                removing `\eta' on input line 380.


Package hyperref Warning: Token not allowed in a PDF string (Unicode):
(hyperref)                removing `math shift' on input line 380.

[5] [6]) (./sections/experiments.tex [7] [8 <./figures/money_plot.pdf> <./figur
es/eta_global_plot.pdf>] (./sections/EXP_table.tex
(/usr/share/texlive/texmf-dist/tex/latex/psnfss/ot1pcr.fd)))
(./sections/conclusion.tex [9]) (./sections/statements.tex) (./main_hj3.bbl
Underfull \hbox (badness 6608) in paragraph at lines 9--15
[]\OT1/ptm/m/n/10 Arpit Agar-wal and Eric Balka-n-ski.  Learning-augmented dy-n
amic sub-mod-u-lar max-

Underfull \hbox (badness 7326) in paragraph at lines 9--15
\OT1/ptm/m/n/10 i-miza-tion.  In \OT1/ptm/m/it/10 Ad-vances in Neu-ral In-for-m
a-tion Pro-cess-ing Sys-tems 37 (NeurIPS

Underfull \hbox (badness 1924) in paragraph at lines 32--38
[]\OT1/ptm/m/n/10 Eric Balka-n-ski, Aviad Ru-bin-stein, and Yaron Singer.  The 
power of op-ti-miza-tion from

Underfull \hbox (badness 1173) in paragraph at lines 32--38
\OT1/ptm/m/n/10 sam-ples.  In \OT1/ptm/m/it/10 Ad-vances in Neu-ral In-for-ma-t
ion Pro-cess-ing Sys-tems 29 (NIPS 2016)\OT1/ptm/m/n/10 , pp.

Underfull \hbox (badness 2293) in paragraph at lines 58--66
[]\OT1/ptm/m/n/10 Vincent Cohen-Addad, Tom-maso d'Orsi, Anu-pam Gupta, Eui-woon
g Lee, and Deb-malya

Underfull \hbox (badness 3758) in paragraph at lines 58--66
\OT1/ptm/m/n/10 Pan-i-grahi.  Learning-augmented ap-prox-i-ma-tion al-go-rithms
 for max-i-mum cut and re-

Underfull \hbox (badness 1910) in paragraph at lines 58--66
\OT1/ptm/m/n/10 lated prob-lems.  In \OT1/ptm/m/it/10 Ad-vances in Neu-ral In-f
or-ma-tion Pro-cess-ing Sys-tems 37 (NeurIPS
[10]
Underfull \hbox (badness 5260) in paragraph at lines 121--127
[]\OT1/ptm/m/n/10 Thibaut Horel and Yaron Singer.  Max-i-miza-tion of ap-prox-i
-mately sub-mod-u-lar func-

Underfull \hbox (badness 2452) in paragraph at lines 121--127
\OT1/ptm/m/n/10 tions.  In \OT1/ptm/m/it/10 Ad-vances in Neu-ral In-for-ma-tion
 Pro-cess-ing Sys-tems 29 (NIPS 2016)\OT1/ptm/m/n/10 , pp.
[11]) (./sections/notation_table.tex
Overfull \hbox (137.70775pt too wide) in paragraph at lines 8--44
 [][] 

LaTeX Warning: `h' float specifier changed to `ht'.

) (./sections/appendix_proofs.tex [12] [13] [14]

Package hyperref Warning: Token not allowed in a PDF string (Unicode):
(hyperref)                removing `math shift' on input line 334.


Package hyperref Warning: Token not allowed in a PDF string (Unicode):
(hyperref)                removing `math shift' on input line 334.

[15] [16]
Underfull \hbox (badness 3049) in paragraph at lines 515--517
[]\OT1/ptm/m/n/10 The iden-ti-ties of this proof are machine-checked by \OT1/pc
r/m/n/10 results/T5[]symbolic.py \OT1/ptm/m/n/10 and
[17] [18] [19] [20] [21] [22]
(/usr/share/texlive/texmf-dist/tex/latex/psnfss/ts1ptm.fd) [23] [24] [25]
[26] [27] [28] [29] [30]
Underfull \hbox (badness 10000) in paragraph at lines 1853--1859
[]\OT1/ptm/m/n/10 The slack iden-ti-ties of $[]$ and $[]$ case (b) are machine-
checked by

Underfull \hbox (badness 4981) in paragraph at lines 1853--1859
\OT1/pcr/m/n/10 results/H3[]j2[]recheck.py \OT1/ptm/m/n/10 and \OT1/pcr/m/n/10 
results/J2[]core[]oracles.py \OT1/ptm/m/n/10 (sym-bolic, plus
) (./sections/appendix_experiments.tex
Underfull \hbox (badness 10000) in paragraph at lines 1873--9
[]\OT1/ptm/m/n/10 The com-pu-ta-tions of this sub-sec-tion are machine-checked 
by
[31]) [32] [33 <./figures/aux_eta_sel_by_K.pdf> <./figures/aux_p_vs_eta.pdf>]
[34 <./figures/aux_d_dtilde_scatter.pdf>] (./main_hj3.aux)

LaTeX Warning: Label(s) may have changed. Rerun to get cross-references right.

 )
(see the transcript file for additional information)</usr/share/texlive/texmf-d
ist/fonts/type1/public/amsfonts/cm/cmbx10.pfb></usr/share/texlive/texmf-dist/fo
nts/type1/public/amsfonts/cm/cmex10.pfb></usr/share/texlive/texmf-dist/fonts/ty
pe1/public/amsfonts/cm/cmmi10.pfb></usr/share/texlive/texmf-dist/fonts/type1/pu
blic/amsfonts/cm/cmmi5.pfb></usr/share/texlive/texmf-dist/fonts/type1/public/am
sfonts/cm/cmmi6.pfb></usr/share/texlive/texmf-dist/fonts/type1/public/amsfonts/
cm/cmmi7.pfb></usr/share/texlive/texmf-dist/fonts/type1/public/amsfonts/cm/cmmi
9.pfb></usr/share/texlive/texmf-dist/fonts/type1/public/amsfonts/cm/cmr10.pfb><
/usr/share/texlive/texmf-dist/fonts/type1/public/amsfonts/cm/cmr5.pfb></usr/sha
re/texlive/texmf-dist/fonts/type1/public/amsfonts/cm/cmr6.pfb></usr/share/texli
ve/texmf-dist/fonts/type1/public/amsfonts/cm/cmr7.pfb></usr/share/texlive/texmf
-dist/fonts/type1/public/amsfonts/cm/cmr9.pfb></usr/share/texlive/texmf-dist/fo
nts/type1/public/amsfonts/cm/cmsy10.pfb></usr/share/texlive/texmf-dist/fonts/ty
pe1/public/amsfonts/cm/cmsy5.pfb></usr/share/texlive/texmf-dist/fonts/type1/pub
lic/amsfonts/cm/cmsy6.pfb></usr/share/texlive/texmf-dist/fonts/type1/public/ams
fonts/cm/cmsy7.pfb></usr/share/texlive/texmf-dist/fonts/type1/public/amsfonts/c
m/cmsy9.pfb></usr/share/texlive/texmf-dist/fonts/type1/public/amsfonts/symbols/
msbm10.pfb></usr/share/texlive/texmf-dist/fonts/type1/urw/courier/ucrr8a.pfb></
usr/share/texlive/texmf-dist/fonts/type1/urw/times/utmb8a.pfb></usr/share/texli
ve/texmf-dist/fonts/type1/urw/times/utmr8a.pfb></usr/share/texlive/texmf-dist/f
onts/type1/urw/times/utmri8a.pfb>
Output written on main_hj3.pdf (34 pages, 607376 bytes).
Transcript written on main_hj3.log.
=== PDFLATEX3 EXIT=0
