============================================================================================================
N5 addendum: LP re-verification of the inflation closed form at the theorem's etahat
balanced definition 'ysmall' (y <= tau), n = 4K, split eta_u = eta_o = sqrt(theta)
============================================================================================================
  K     n   eta tau  delta(eta)   etahat  LP min delta    corrected    T2 naive      err    verdict
  4    16  1.50   1    0.234568  1.21500   0.121449041  0.121449041  0.12144904  1.36256       PASS  (0.0s)
  4    16  1.50   2    0.929012  0.77760             -            -           -        -    SKIP(H)
  4    16  2.00   1    0.361111  1.46939   0.224301269  0.224301269  0.22430127  1.79897       PASS  (0.0s)
  4    16  2.00   2    1.344727  0.85298             -            -           -        -    SKIP(H)
  4    16  3.00   1    0.493827  2.00826   0.362711947  0.362711947  0.36271195  2.73669       PASS  (0.0s)
  4    16  3.00   2    1.824267  1.06222   0.710334099  0.710334099  0.36740789  1.81676       PASS  <- T2 formula WRONG here  (0.0s)
  6    24  1.50   1    0.137778  1.31836   0.098925125  0.098925125  0.09892512  1.44878       PASS  (0.0s)
  6    24  1.50   2    0.404664  1.06787   0.404077334  0.404077334  0.14130169  1.49937       PASS  <- T2 formula WRONG here  (0.0s)
  6    24  2.00   1    0.210000  1.65289      0.164241  0.164241000  0.16424100  1.92437       PASS  (0.0s)
  6    24  2.00   2    0.588650  1.25893    0.32845979  0.328459790  0.27492809  1.67244       PASS  <- T2 formula WRONG here  (0.0s)
  6    24  3.00   1    0.284444  2.33564   0.241821322  0.241821322  0.24182132  2.90045       PASS  (0.0s)
  6    24  3.00   2    0.790145  1.67584   0.479820467  0.479820467  0.47982047  2.47995       PASS  (0.0s)
  8    32  1.50   1    0.097506  1.36674    0.07813499  0.078134990  0.07813499  1.47353       PASS  (0.0s)
  8    32  1.50   2    0.255230  1.19500   0.247292257  0.247292257  0.14272314  1.49051       PASS  <- T2 formula WRONG here  (0.0s)
  8    32  2.00   1    0.147959  1.74222   0.125424063  0.125424063  0.12542406  1.96074       PASS  (0.0s)
  8    32  2.00   2    0.373291  1.45636   0.241606637  0.241606637  0.24160664  1.80822       PASS  (0.0s)
  8    32  3.00   1    0.199546  2.50095   0.178822405  0.178822405  0.17882240  2.94817       PASS  (0.0s)
  8    32  3.00   2    0.499491  2.00068   0.373415298  0.373415298  0.37341530  2.74776       PASS  (0.0s)
 12    48  1.50   1    0.061524  1.41306   0.053854758  0.053854758  0.05385476  1.48916       PASS  (0.0s)
 12    48  1.50   2    0.145693  1.30925   0.140573286  0.140573286  0.10691966  1.49330       PASS  <- T2 formula WRONG here  (0.0s)
 12    48  2.00   1    0.092975  1.82987    0.08415658  0.084156580  0.08415658  1.98386       PASS  (0.0s)
 12    48  2.00   2    0.214588  1.64665   0.169890174  0.169890174  0.16989017  1.92640       PASS  (0.0s)
 12    48  3.00   1    0.124885  2.66694   0.116872021  0.116872021  0.11687202  2.97863       PASS  (0.0s)
 12    48  3.00   2    0.286544  2.33183   0.244927037  0.244927037  0.24492704  2.90296       PASS  (0.0s)
 16    64  1.50   1    0.044938  1.43549   0.040858981  0.040858981  0.04085898  1.49414       PASS  (0.0s)
 16    64  1.50   2    0.101667  1.36157   0.098537137  0.098537137  0.08231682  1.49574       PASS  <- T2 formula WRONG here  (0.0s)
 16    64  2.00   1    0.067778  1.87305   0.063113746  0.063113746  0.06311375  1.99126       PASS  (0.0s)
 16    64  2.00   2    0.150352  1.73860   0.128196718  0.128196718  0.12819672  1.96148       PASS  (0.0s)
 16    64  3.00   1    0.090864  2.75011   0.086650381  0.086650381  0.08665038  2.98841       PASS  (0.0s)
 16    64  3.00   2    0.200633  2.49868   0.180263155  0.180263155  0.18026316  2.94910       PASS  (0.0s)
 24    96  1.50   1    0.029196  1.45745   0.027479239  0.027479239  0.02747924  1.49750       PASS  (0.1s)
 24    96  1.50   2    0.063260  1.41076   0.061793922  0.061793922  0.05559337  1.49793       PASS  <- T2 formula WRONG here  (0.1s)
 24    96  2.00   1    0.043951  1.91580   0.041999316  0.041999316  0.04199932  1.99626       PASS  (0.1s)
 24    96  2.00   2    0.093965  1.82821   0.085243139  0.085243139  0.08524314  1.98405       PASS  (0.1s)
 24    96  3.00   1    0.058811  2.83337   0.057057818  0.057057818  0.05705782  2.99503       PASS  (0.1s)
 24    96  3.00   2    0.125332  2.66588   0.117406761  0.117406761  0.11740676  2.97887       PASS  (0.1s)
 32   128  1.50   1    0.021621  1.46825   0.020681278  0.020681278  0.02068128  1.49862       PASS  (0.3s)
 32   128  1.50   2    0.045885  1.43419   0.045045395  0.045045395  0.04180667  1.49880       PASS  <- T2 formula WRONG here  (0.3s)
 32   128  2.00   1    0.032518  1.93701   0.031452592  0.031452592  0.03145259  1.99794       PASS  (0.3s)
 32   128  2.00   2    0.068316  1.87211   0.063689723  0.063689723  0.06368972  1.99134       PASS  (0.3s)
 32   128  3.00   1    0.043473  2.87501   0.042518439  0.042518439  0.04251844  2.99725       PASS  (0.3s)
 32   128  3.00   2    0.091106  2.74950    0.08692647  0.086926470  0.08692647  2.98851       PASS  (0.3s)
============================================================================================================
40 PASS / 0 FAIL / 2 SKIP (hypothesis (H): etahat < 1)
8 of the 40 solved points refute the T2 closed form
(there the LP agrees with the corrected max-form (*), not with T2's single term).
Status conferred: [VERIFIED-LP] for (*) and for facts F3/F4 at these points;
general (K, tau, theta) remains [CONJECTURE].
============================================================================================================
