closed form loaded: 1) The n -> infinity limit of the LP value is NOT V_j(eta): it is V_j + (K-j)(D - q^j/(K eta)) with 
== K=3 j=2 eta=3/2 n=6 ==
    resolved tail: m=0 T=7 D=1/8 (tail off)
    F(K,0) = 9/16 = 0.562500000; V_j = 0.562500000; rho_K = 0.562500000; gap to V_j = 0.000e+00
PASS grid K=3 j=2 eta=3/2 n=6 
== K=3 j=2 eta=3/2 n=12 ==
    resolved tail: m=4 T=6 D=117/928 (tail engaged)
    F(K,0) = 523/928 = 0.563577586; V_j = 0.562500000; rho_K = 0.562500000; gap to V_j = 1.078e-03
PASS grid K=3 j=2 eta=3/2 n=12 
== K=3 j=2 eta=3/2 n=24 ==
    resolved tail: m=4 T=6 D=117/928 (tail engaged)
    F(K,0) = 523/928 = 0.563577586; V_j = 0.562500000; rho_K = 0.562500000; gap to V_j = 1.078e-03
PASS grid K=3 j=2 eta=3/2 n=24 
== K=4 j=2 eta=5/2 n=8 ==
    resolved tail: m=0 T=9 D=45/578 (tail off)
    F(K,0) = 109/289 = 0.377162630; V_j = 0.377162630; rho_K = 0.377162630; gap to V_j = 0.000e+00
PASS grid K=4 j=2 eta=5/2 n=8 
== K=4 j=2 eta=5/2 n=16 ==
    resolved tail: m=9 T=11 D=421738425/5382865448 (tail engaged)
    F(K,0) = 1017765049/2691432724 = 0.378149912; V_j = 0.377162630; rho_K = 0.377162630; gap to V_j = 9.873e-04
PASS grid K=4 j=2 eta=5/2 n=16 
== K=4 j=2 eta=5/2 n=32 ==
    resolved tail: m=9 T=11 D=421738425/5382865448 (tail engaged)
    F(K,0) = 1017765049/2691432724 = 0.378149912; V_j = 0.377162630; rho_K = 0.377162630; gap to V_j = 9.873e-04
PASS grid K=4 j=2 eta=5/2 n=32 
== K=4 j=3 eta=3/2 n=8 ==
    resolved tail: m=0 T=9 D=243/2662 (tail off)
    F(K,0) = 1447/2662 = 0.543576258; V_j = 0.543576258; rho_K = 0.543576258; gap to V_j = 0.000e+00
PASS grid K=4 j=3 eta=3/2 n=8 
== K=4 j=3 eta=3/2 n=16 ==
    resolved tail: m=5 T=8 D=174231/1905992 (tail engaged)
    F(K,0) = 1036295/1905992 = 0.543703751; V_j = 0.543576258; rho_K = 0.543576258; gap to V_j = 1.275e-04
PASS grid K=4 j=3 eta=3/2 n=16 
== K=4 j=3 eta=3/2 n=32 ==
    resolved tail: m=5 T=8 D=174231/1905992 (tail engaged)
    F(K,0) = 1036295/1905992 = 0.543703751; V_j = 0.543576258; rho_K = 0.543576258; gap to V_j = 1.275e-04
PASS grid K=4 j=3 eta=3/2 n=32 
== K=5 j=2 eta=7/2 n=10 ==
    resolved tail: m=0 T=11 D=56/1125 (tail off)
    F(K,0) = 313/1125 = 0.278222222; V_j = 0.278222222; rho_K = 0.278222222; gap to V_j = 0.000e+00
PASS grid K=5 j=2 eta=7/2 n=10 
== K=5 j=2 eta=7/2 n=20 ==
    resolved tail: m=0 T=21 D=56/1125 (tail off)
    F(K,0) = 313/1125 = 0.278222222; V_j = 0.278222222; rho_K = 0.278222222; gap to V_j = 0.000e+00
PASS grid K=5 j=2 eta=7/2 n=20 
== K=5 j=2 eta=7/2 n=40 ==
    resolved tail: m=17 T=19 D=7474650012905012/149731226281155375 (tail engaged)
    F(K,0) = 4635849047340439/16636802920128375 = 0.278650235; V_j = 0.278222222; rho_K = 0.278222222; gap to V_j = 4.280e-04
PASS grid K=5 j=2 eta=7/2 n=40 
== K=5 j=3 eta=5/2 n=10 ==
    resolved tail: m=0 T=11 D=80/1331 (tail off)
    F(K,0) = 491/1331 = 0.368895567; V_j = 0.368895567; rho_K = 0.368895567; gap to V_j = 0.000e+00
PASS grid K=5 j=3 eta=5/2 n=10 
== K=5 j=3 eta=5/2 n=20 ==
    resolved tail: m=12 T=15 D=12074171000/200530346027 (tail engaged)
    F(K,0) = 74017271027/200530346027 = 0.369107581; V_j = 0.368895567; rho_K = 0.368895567; gap to V_j = 2.120e-04
PASS grid K=5 j=3 eta=5/2 n=20 
== K=5 j=3 eta=5/2 n=40 ==
    resolved tail: m=12 T=15 D=12074171000/200530346027 (tail engaged)
    F(K,0) = 74017271027/200530346027 = 0.369107581; V_j = 0.368895567; rho_K = 0.368895567; gap to V_j = 2.120e-04
PASS grid K=5 j=3 eta=5/2 n=40 
== K=5 j=4 eta=3/2 n=10 ==
    resolved tail: m=0 T=11 D=864/12005 (tail off)
    F(K,0) = 6389/12005 = 0.532194919; V_j = 0.532194919; rho_K = 0.532194919; gap to V_j = 0.000e+00
PASS grid K=5 j=4 eta=3/2 n=10 
== K=5 j=4 eta=3/2 n=20 ==
    resolved tail: m=7 T=11 D=353484/4910045 (tail engaged)
    F(K,0) = 2613209/4910045 = 0.532216915; V_j = 0.532194919; rho_K = 0.532194919; gap to V_j = 2.200e-05
PASS grid K=5 j=4 eta=3/2 n=20 
== K=5 j=4 eta=3/2 n=40 ==
    resolved tail: m=7 T=11 D=353484/4910045 (tail engaged)
    F(K,0) = 2613209/4910045 = 0.532216915; V_j = 0.532194919; rho_K = 0.532194919; gap to V_j = 2.200e-05
PASS grid K=5 j=4 eta=3/2 n=40 
== K=8 j=2 eta=13/2 n=16 ==
    resolved tail: m=0 T=17 D=637/34596 (tail off)
    F(K,0) = 2647/17298 = 0.153023471; V_j = 0.153023471; rho_K = 0.153023471; gap to V_j = 0.000e+00
PASS grid K=8 j=2 eta=13/2 n=16 
== K=8 j=2 eta=13/2 n=32 ==
    resolved tail: m=0 T=33 D=637/34596 (tail off)
    F(K,0) = 2647/17298 = 0.153023471; V_j = 0.153023471; rho_K = 0.153023471; gap to V_j = 0.000e+00
PASS grid K=8 j=2 eta=13/2 n=32 
== K=8 j=2 eta=13/2 n=64 ==
    resolved tail: m=51 T=53 D=594644762665940585790801086512866047648698673918527872670541/32290191689460421922697963345678670089790155680385242706540704 (tail engaged)
    F(K,0) = 22237921881117458910812009414520510546162511069047791228081183/145305862602571898652140835055554015404055700561733592179433168 = 0.153042152; V_j = 0.153023471; rho_K = 0.153023471; gap to V_j = 1.868e-05
PASS grid K=8 j=2 eta=13/2 n=64 
== K=8 j=3 eta=11/2 n=16 ==
    resolved tail: m=0 T=17 D=41503/1972156 (tail off)
    F(K,0) = 353539/1972156 = 0.179265231; V_j = 0.179265231; rho_K = 0.179265231; gap to V_j = 0.000e+00
PASS grid K=8 j=3 eta=11/2 n=16 
== K=8 j=3 eta=11/2 n=32 ==
    resolved tail: m=0 T=33 D=41503/1972156 (tail off)
    F(K,0) = 353539/1972156 = 0.179265231; V_j = 0.179265231; rho_K = 0.179265231; gap to V_j = 0.000e+00
PASS grid K=8 j=3 eta=11/2 n=32 
== K=8 j=3 eta=11/2 n=64 ==
    resolved tail: m=43 T=46 D=274622253868177293501401703810916980594654199942567/13047696536182934749607983628577446176275279889982368 (tail engaged)
    F(K,0) = 2339199570164744653105285836558571910311646600149507/13047696536182934749607983628577446176275279889982368 = 0.179280654; V_j = 0.179265231; rho_K = 0.179265231; gap to V_j = 1.542e-05
PASS grid K=8 j=3 eta=11/2 n=64 
== K=8 j=4 eta=9/2 n=16 ==
    resolved tail: m=0 T=17 D=1750329/71402500 (tail off)
    F(K,0) = 3847993/17850625 = 0.215566290; V_j = 0.215566290; rho_K = 0.215566290; gap to V_j = 0.000e+00
PASS grid K=8 j=4 eta=9/2 n=16 
== K=8 j=4 eta=9/2 n=32 ==
    resolved tail: m=0 T=33 D=1750329/71402500 (tail off)
    F(K,0) = 3847993/17850625 = 0.215566290; V_j = 0.215566290; rho_K = 0.215566290; gap to V_j = 0.000e+00
PASS grid K=8 j=4 eta=9/2 n=32 
== K=8 j=4 eta=9/2 n=64 ==
    resolved tail: m=35 T=39 D=605913398744787447039113588744907394017/24714572445772830303154803680781973684000 (tail engaged)
    F(K,0) = 86578607509116344098540943221303676146721/401611802243808492426265559812707072365000 = 0.215577847; V_j = 0.215566290; rho_K = 0.215566290; gap to V_j = 1.156e-05
PASS grid K=8 j=4 eta=9/2 n=64 
== K=8 j=5 eta=7/2 n=16 ==
    resolved tail: m=0 T=17 D=40353607/1380101004 (tail off)
    F(K,0) = 371260829/1380101004 = 0.269009897; V_j = 0.269009897; rho_K = 0.269009897; gap to V_j = 0.000e+00
PASS grid K=8 j=5 eta=7/2 n=16 
== K=8 j=5 eta=7/2 n=32 ==
    resolved tail: m=0 T=33 D=40353607/1380101004 (tail off)
    F(K,0) = 371260829/1380101004 = 0.269009897; V_j = 0.269009897; rho_K = 0.269009897; gap to V_j = 0.000e+00
PASS grid K=8 j=5 eta=7/2 n=32 
== K=8 j=5 eta=7/2 n=64 ==
    resolved tail: m=27 T=32 D=2060586564904787698509335894023/70466738348042695988676320957856 (tail engaged)
    F(K,0) = 170610760120993244273159164028029/634200645132384263898086888620704 = 0.269017008; V_j = 0.269009897; rho_K = 0.269009897; gap to V_j = 7.111e-06
PASS grid K=8 j=5 eta=7/2 n=64 
== K=8 j=6 eta=5/2 n=16 ==
    resolved tail: m=0 T=17 D=367653125/10262905636 (tail off)
    F(K,0) = 1822574693/5131452818 = 0.355177132; V_j = 0.355177132; rho_K = 0.355177132; gap to V_j = 0.000e+00
PASS grid K=8 j=6 eta=5/2 n=16 
== K=8 j=6 eta=5/2 n=32 ==
    resolved tail: m=18 T=24 D=7006729399041136515625/195586371878360548796336 (tail engaged)
    F(K,0) = 34734045711344744538793/97793185939180274398168 = 0.355178588; V_j = 0.355177132; rho_K = 0.355177132; gap to V_j = 1.457e-06
PASS grid K=8 j=6 eta=5/2 n=32 
== K=8 j=6 eta=5/2 n=64 ==
    resolved tail: m=19 T=25 D=35045041903483272828125/978234039945727302157984 (tail engaged)
    F(K,0) = 173724462113326484657117/489117019972863651078992 = 0.355179753; V_j = 0.355177132; rho_K = 0.355177132; gap to V_j = 2.621e-06
PASS grid K=8 j=6 eta=5/2 n=64 
== K=8 j=7 eta=3/2 n=16 ==
    resolved tail: m=0 T=17 D=600362847/13619301788 (tail off)
    F(K,0) = 7015310471/13619301788 = 0.515100596; V_j = 0.515100596; rho_K = 0.515100596; gap to V_j = 0.000e+00
PASS grid K=8 j=7 eta=3/2 n=16 
== K=8 j=7 eta=3/2 n=32 ==
    resolved tail: m=11 T=18 D=319043023064199/7237514878971808 (tail engaged)
    F(K,0) = 3728048829619783/7237514878971808 = 0.515100679; V_j = 0.515100596; rho_K = 0.515100596; gap to V_j = 8.295e-08
PASS grid K=8 j=7 eta=3/2 n=32 
== K=8 j=7 eta=3/2 n=64 ==
    resolved tail: m=11 T=18 D=319043023064199/7237514878971808 (tail engaged)
    F(K,0) = 3728048829619783/7237514878971808 = 0.515100679; V_j = 0.515100596; rho_K = 0.515100596; gap to V_j = 8.295e-08
PASS grid K=8 j=7 eta=3/2 n=64 

ALL PASS
exit=0
